Archive member included to satisfy reference by file (symbol)

/Users/matteomiglio/Applications/Applications/Ac6/SystemWorkbench.app/Contents/Eclipse/plugins/fr.ac6.mcu.externaltools.arm-none.macos64_1.17.0.201812190825/tools/compiler/bin/../lib/gcc/arm-none-eabi/7.3.1/../../../../arm-none-eabi/lib/thumb/v6-m/libm.a(lib_a-s_sin.o)
                              src/music.o (sin)
/Users/matteomiglio/Applications/Applications/Ac6/SystemWorkbench.app/Contents/Eclipse/plugins/fr.ac6.mcu.externaltools.arm-none.macos64_1.17.0.201812190825/tools/compiler/bin/../lib/gcc/arm-none-eabi/7.3.1/../../../../arm-none-eabi/lib/thumb/v6-m/libm.a(lib_a-e_rem_pio2.o)
                              /Users/matteomiglio/Applications/Applications/Ac6/SystemWorkbench.app/Contents/Eclipse/plugins/fr.ac6.mcu.externaltools.arm-none.macos64_1.17.0.201812190825/tools/compiler/bin/../lib/gcc/arm-none-eabi/7.3.1/../../../../arm-none-eabi/lib/thumb/v6-m/libm.a(lib_a-s_sin.o) (__ieee754_rem_pio2)
/Users/matteomiglio/Applications/Applications/Ac6/SystemWorkbench.app/Contents/Eclipse/plugins/fr.ac6.mcu.externaltools.arm-none.macos64_1.17.0.201812190825/tools/compiler/bin/../lib/gcc/arm-none-eabi/7.3.1/../../../../arm-none-eabi/lib/thumb/v6-m/libm.a(lib_a-k_cos.o)
                              /Users/matteomiglio/Applications/Applications/Ac6/SystemWorkbench.app/Contents/Eclipse/plugins/fr.ac6.mcu.externaltools.arm-none.macos64_1.17.0.201812190825/tools/compiler/bin/../lib/gcc/arm-none-eabi/7.3.1/../../../../arm-none-eabi/lib/thumb/v6-m/libm.a(lib_a-s_sin.o) (__kernel_cos)
/Users/matteomiglio/Applications/Applications/Ac6/SystemWorkbench.app/Contents/Eclipse/plugins/fr.ac6.mcu.externaltools.arm-none.macos64_1.17.0.201812190825/tools/compiler/bin/../lib/gcc/arm-none-eabi/7.3.1/../../../../arm-none-eabi/lib/thumb/v6-m/libm.a(lib_a-k_rem_pio2.o)
                              /Users/matteomiglio/Applications/Applications/Ac6/SystemWorkbench.app/Contents/Eclipse/plugins/fr.ac6.mcu.externaltools.arm-none.macos64_1.17.0.201812190825/tools/compiler/bin/../lib/gcc/arm-none-eabi/7.3.1/../../../../arm-none-eabi/lib/thumb/v6-m/libm.a(lib_a-e_rem_pio2.o) (__kernel_rem_pio2)
/Users/matteomiglio/Applications/Applications/Ac6/SystemWorkbench.app/Contents/Eclipse/plugins/fr.ac6.mcu.externaltools.arm-none.macos64_1.17.0.201812190825/tools/compiler/bin/../lib/gcc/arm-none-eabi/7.3.1/../../../../arm-none-eabi/lib/thumb/v6-m/libm.a(lib_a-k_sin.o)
                              /Users/matteomiglio/Applications/Applications/Ac6/SystemWorkbench.app/Contents/Eclipse/plugins/fr.ac6.mcu.externaltools.arm-none.macos64_1.17.0.201812190825/tools/compiler/bin/../lib/gcc/arm-none-eabi/7.3.1/../../../../arm-none-eabi/lib/thumb/v6-m/libm.a(lib_a-s_sin.o) (__kernel_sin)
/Users/matteomiglio/Applications/Applications/Ac6/SystemWorkbench.app/Contents/Eclipse/plugins/fr.ac6.mcu.externaltools.arm-none.macos64_1.17.0.201812190825/tools/compiler/bin/../lib/gcc/arm-none-eabi/7.3.1/../../../../arm-none-eabi/lib/thumb/v6-m/libm.a(lib_a-s_fabs.o)
                              /Users/matteomiglio/Applications/Applications/Ac6/SystemWorkbench.app/Contents/Eclipse/plugins/fr.ac6.mcu.externaltools.arm-none.macos64_1.17.0.201812190825/tools/compiler/bin/../lib/gcc/arm-none-eabi/7.3.1/../../../../arm-none-eabi/lib/thumb/v6-m/libm.a(lib_a-e_rem_pio2.o) (fabs)
/Users/matteomiglio/Applications/Applications/Ac6/SystemWorkbench.app/Contents/Eclipse/plugins/fr.ac6.mcu.externaltools.arm-none.macos64_1.17.0.201812190825/tools/compiler/bin/../lib/gcc/arm-none-eabi/7.3.1/../../../../arm-none-eabi/lib/thumb/v6-m/libm.a(lib_a-s_floor.o)
                              /Users/matteomiglio/Applications/Applications/Ac6/SystemWorkbench.app/Contents/Eclipse/plugins/fr.ac6.mcu.externaltools.arm-none.macos64_1.17.0.201812190825/tools/compiler/bin/../lib/gcc/arm-none-eabi/7.3.1/../../../../arm-none-eabi/lib/thumb/v6-m/libm.a(lib_a-k_rem_pio2.o) (floor)
/Users/matteomiglio/Applications/Applications/Ac6/SystemWorkbench.app/Contents/Eclipse/plugins/fr.ac6.mcu.externaltools.arm-none.macos64_1.17.0.201812190825/tools/compiler/bin/../lib/gcc/arm-none-eabi/7.3.1/../../../../arm-none-eabi/lib/thumb/v6-m/libm.a(lib_a-s_scalbn.o)
                              /Users/matteomiglio/Applications/Applications/Ac6/SystemWorkbench.app/Contents/Eclipse/plugins/fr.ac6.mcu.externaltools.arm-none.macos64_1.17.0.201812190825/tools/compiler/bin/../lib/gcc/arm-none-eabi/7.3.1/../../../../arm-none-eabi/lib/thumb/v6-m/libm.a(lib_a-k_rem_pio2.o) (scalbn)
/Users/matteomiglio/Applications/Applications/Ac6/SystemWorkbench.app/Contents/Eclipse/plugins/fr.ac6.mcu.externaltools.arm-none.macos64_1.17.0.201812190825/tools/compiler/bin/../lib/gcc/arm-none-eabi/7.3.1/../../../../arm-none-eabi/lib/thumb/v6-m/libm.a(lib_a-s_copysign.o)
[...]
Memory Configuration

Name             Origin             Length             Attributes
RAM              0x0000000020000000 0x0000000000008000 xrw
ROM              0x0000000008000000 0x0000000000040000 xr
*default*        0x0000000000000000 0xffffffffffffffff

Linker script and memory map

LOAD /Users/matteomiglio/Applications/Applications/Ac6/SystemWorkbench.app/Contents/Eclipse/plugins/fr.ac6.mcu.externaltools.arm-none.macos64_1.17.0.201812190825/tools/compiler/bin/../lib/gcc/arm-none-eabi/7.3.1/thumb/v6-m/crti.o
LOAD /Users/matteomiglio/Applications/Applications/Ac6/SystemWorkbench.app/Contents/Eclipse/plugins/fr.ac6.mcu.externaltools.arm-none.macos64_1.17.0.201812190825/tools/compiler/bin/../lib/gcc/arm-none-eabi/7.3.1/thumb/v6-m/crtbegin.o
LOAD /Users/matteomiglio/Applications/Applications/Ac6/SystemWorkbench.app/Contents/Eclipse/plugins/fr.ac6.mcu.externaltools.arm-none.macos64_1.17.0.201812190825/tools/compiler/bin/../lib/gcc/arm-none-eabi/7.3.1/../../../../arm-none-eabi/lib/thumb/v6-m/crt0.o
LOAD StdPeriph_Driver/src/stm32f0xx_adc.o
LOAD StdPeriph_Driver/src/stm32f0xx_can.o
LOAD StdPeriph_Driver/src/stm32f0xx_cec.o
LOAD StdPeriph_Driver/src/stm32f0xx_comp.o
LOAD StdPeriph_Driver/src/stm32f0xx_crc.o
LOAD StdPeriph_Driver/src/stm32f0xx_crs.o
LOAD StdPeriph_Driver/src/stm32f0xx_dac.o
LOAD StdPeriph_Driver/src/stm32f0xx_dbgmcu.o
LOAD StdPeriph_Driver/src/stm32f0xx_dma.o
LOAD StdPeriph_Driver/src/stm32f0xx_exti.o
LOAD StdPeriph_Driver/src/stm32f0xx_flash.o
LOAD StdPeriph_Driver/src/stm32f0xx_gpio.o
LOAD StdPeriph_Driver/src/stm32f0xx_i2c.o
LOAD StdPeriph_Driver/src/stm32f0xx_iwdg.o
LOAD StdPeriph_Driver/src/stm32f0xx_misc.o
LOAD StdPeriph_Driver/src/stm32f0xx_pwr.o
LOAD StdPeriph_Driver/src/stm32f0xx_rcc.o
LOAD StdPeriph_Driver/src/stm32f0xx_rtc.o
LOAD StdPeriph_Driver/src/stm32f0xx_spi.o
LOAD StdPeriph_Driver/src/stm32f0xx_syscfg.o
LOAD StdPeriph_Driver/src/stm32f0xx_tim.o
LOAD StdPeriph_Driver/src/stm32f0xx_usart.o
LOAD StdPeriph_Driver/src/stm32f0xx_wwdg.o
LOAD src/OLED.o
LOAD src/background.o
LOAD src/ball.o
LOAD src/bounce.o
LOAD src/fifo.o
LOAD src/lcd.o
LOAD src/music.o
LOAD src/paddle.o
LOAD src/syscalls.o
LOAD src/system_stm32f0xx.o
LOAD src/tty.o
LOAD startup/startup_stm32.o
LOAD /Users/matteomiglio/Applications/Applications/Ac6/SystemWorkbench.app/Contents/Eclipse/plugins/fr.ac6.mcu.externaltools.arm-none.macos64_1.17.0.201812190825/tools/compiler/bin/../lib/gcc/arm-none-eabi/7.3.1/../../../../arm-none-eabi/lib/thumb/v6-m/libm.a
START GROUP
LOAD /Users/matteomiglio/Applications/Applications/Ac6/SystemWorkbench.app/Contents/Eclipse/plugins/fr.ac6.mcu.externaltools.arm-none.macos64_1.17.0.201812190825/tools/compiler/bin/../lib/gcc/arm-none-eabi/7.3.1/thumb/v6-m/libgcc.a
LOAD /Users/matteomiglio/Applications/Applications/Ac6/SystemWorkbench.app/Contents/Eclipse/plugins/fr.ac6.mcu.externaltools.arm-none.macos64_1.17.0.201812190825/tools/compiler/bin/../lib/gcc/arm-none-eabi/7.3.1/../../../../arm-none-eabi/lib/thumb/v6-m/libc.a
END GROUP
LOAD /Users/matteomiglio/Applications/Applications/Ac6/SystemWorkbench.app/Contents/Eclipse/plugins/fr.ac6.mcu.externaltools.arm-none.macos64_1.17.0.201812190825/tools/compiler/bin/../lib/gcc/arm-none-eabi/7.3.1/thumb/v6-m/crtend.o
LOAD /Users/matteomiglio/Applications/Applications/Ac6/SystemWorkbench.app/Contents/Eclipse/plugins/fr.ac6.mcu.externaltools.arm-none.macos64_1.17.0.201812190825/tools/compiler/bin/../lib/gcc/arm-none-eabi/7.3.1/thumb/v6-m/crtn.o
                0x0000000020008000                _estack = 0x20008000
                0x0000000000000000                _Min_Heap_Size = 0x0
                0x0000000000000400                _Min_Stack_Size = 0x400

.isr_vector     0x0000000008000000       0xc0
                0x0000000008000000                . = ALIGN (0x4)
 *(.isr_vector)
 .isr_vector    0x0000000008000000       0xc0 startup/startup_stm32.o
                0x0000000008000000                g_pfnVectors
                0x00000000080000c0                . = ALIGN (0x4)

.text           0x00000000080000c0     0xd688
                0x00000000080000c0                . = ALIGN (0x4)
 *(.text)
 .text          0x00000000080000c0       0x48 /Users/matteomiglio/Applications/Applications/Ac6/SystemWorkbench.app/Contents/Eclipse/plugins/fr.ac6.mcu.externaltools.arm-none.macos64_1.17.0.201812190825/tools/compiler/bin/../lib/gcc/arm-none-eabi/7.3.1/thumb/v6-m/crtbegin.o
 .text          0x0000000008000108      0x114 /Users/matteomiglio/Applications/Applications/Ac6/SystemWorkbench.app/Contents/Eclipse/plugins/fr.ac6.mcu.externaltools.arm-none.macos64_1.17.0.201812190825/tools/compiler/bin/../lib/gcc/arm-none-eabi/7.3.1/thumb/v6-m/libgcc.a(_udivsi3.o)
                0x0000000008000108                __udivsi3
                0x0000000008000108                __aeabi_uidiv
                0x0000000008000214                __aeabi_uidivmod
 .text          0x000000000800021c      0x1d4 /Users/matteomiglio/Applications/Applications/Ac6/SystemWorkbench.app/Contents/Eclipse/plugins/fr.ac6.mcu.externaltools.arm-none.macos64_1.17.0.201812190825/tools/compiler/bin/../lib/gcc/arm-none-eabi/7.3.1/thumb/v6-m/libgcc.a(_divsi3.o)
                0x000000000800021c                __aeabi_idiv
                0x000000000800021c                __divsi3
                0x00000000080003e8                __aeabi_idivmod
 .text          0x00000000080003f0        0x4 /Users/matteomiglio/Applications/Applications/Ac6/SystemWorkbench.app/Contents/Eclipse/plugins/fr.ac6.mcu.externaltools.arm-none.macos64_1.17.0.201812190825/tools/compiler/bin/../lib/gcc/arm-none-eabi/7.3.1/thumb/v6-m/libgcc.a(_dvmd_tls.o)
                0x00000000080003f0                __aeabi_ldiv0
                0x00000000080003f0                __aeabi_idiv0
 .text          0x00000000080003f4       0x7c /Users/matteomiglio/Applications/Applications/Ac6/SystemWorkbench.app/Contents/Eclipse/plugins/fr.ac6.mcu.externaltools.arm-none.macos64_1.17.0.201812190825/tools/compiler/bin/../lib/gcc/arm-none-eabi/7.3.1/thumb/v6-m/libgcc.a(_arm_cmpdf2.o)
                0x00000000080003f4                __aeabi_cdrcmple
                0x0000000008000404                __aeabi_cdcmple
                0x0000000008000404                __aeabi_cdcmpeq
                0x0000000008000414                __aeabi_dcmpeq
                0x0000000008000420                __aeabi_dcmplt
                0x0000000008000434                __aeabi_dcmple
                0x0000000008000448                __aeabi_dcmpgt
                0x000000000800045c                __aeabi_dcmpge
 .text          0x0000000008000470       0x74 /Users/matteomiglio/Applications/Applications/Ac6/SystemWorkbench.app/Contents/Eclipse/plugins/fr.ac6.mcu.externaltools.arm-none.macos64_1.17.0.201812190825/tools/compiler/bin/../lib/gcc/arm-none-eabi/7.3.1/thumb/v6-m/libgcc.a(_arm_cmpsf2.o)
                0x0000000008000470                __aeabi_cfrcmple
                0x0000000008000478                __aeabi_cfcmple
                0x0000000008000478                __aeabi_cfcmpeq
                0x0000000008000488                __aeabi_fcmpeq
                0x0000000008000494                __aeabi_fcmplt
                0x00000000080004a8                __aeabi_fcmple
                0x00000000080004bc                __aeabi_fcmpgt
                0x00000000080004d0                __aeabi_fcmpge
 .text          0x00000000080004e4      0x224 /Users/matteomiglio/Applications/Applications/Ac6/SystemWorkbench.app/Contents/Eclipse/plugins/fr.ac6.mcu.externaltools.arm-none.macos64_1.17.0.201812190825/tools/compiler/bin/../lib/gcc/arm-none-eabi/7.3.1/thumb/v6-m/libgcc.a(divsf3.o)
                0x00000000080004e4                __aeabi_fdiv
 .text          0x0000000008000708       0x50 /Users/matteomiglio/Applications/Applications/Ac6/SystemWorkbench.app/Contents/Eclipse/plugins/fr.ac6.mcu.externaltools.arm-none.macos64_1.17.0.201812190825/tools/compiler/bin/../lib/gcc/arm-none-eabi/7.3.1/thumb/v6-m/libgcc.a(eqsf2.o)
                0x0000000008000708                __nesf2
                0x0000000008000708                __eqsf2
 .text          0x0000000008000758       0x9c /Users/matteomiglio/Applications/Applications/Ac6/SystemWorkbench.app/Contents/Eclipse/plugins/fr.ac6.mcu.externaltools.arm-none.macos64_1.17.0.201812190825/tools/compiler/bin/../lib/gcc/arm-none-eabi/7.3.1/thumb/v6-m/libgcc.a(gesf2.o)
                0x0000000008000758                __gtsf2
                0x0000000008000758                __gesf2
 .text          0x00000000080007f4       0xa0 /Users/matteomiglio/Applications/Applications/Ac6/SystemWorkbench.app/Contents/Eclipse/plugins/fr.ac6.mcu.externaltools.arm-none.macos64_1.17.0.201812190825/tools/compiler/bin/../lib/gcc/arm-none-eabi/7.3.1/thumb/v6-m/libgcc.a(lesf2.o)
                0x00000000080007f4                __lesf2
                0x00000000080007f4                __ltsf2
 .text          0x0000000008000894      0x264 /Users/matteomiglio/Applications/Applications/Ac6/SystemWorkbench.app/Contents/Eclipse/plugins/fr.ac6.mcu.externaltools.arm-none.macos64_1.17.0.201812190825/tools/compiler/bin/../lib/gcc/arm-none-eabi/7.3.1/thumb/v6-m/libgcc.a(mulsf3.o)
                0x0000000008000894                __aeabi_fmul
 .text          0x0000000008000af8       0x40 /Users/matteomiglio/Applications/Applications/Ac6/SystemWorkbench.app/Contents/Eclipse/plugins/fr.ac6.mcu.externaltools.arm-none.macos64_1.17.0.201812190825/tools/compiler/bin/../lib/gcc/arm-none-eabi/7.3.1/thumb/v6-m/libgcc.a(fixsfsi.o)
                0x0000000008000af8                __aeabi_f2iz
 .text          0x0000000008000b38      0x638 /Users/matteomiglio/Applications/Applications/Ac6/SystemWorkbench.app/Contents/Eclipse/plugins/fr.ac6.mcu.externaltools.arm-none.macos64_1.17.0.201812190825/tools/compiler/bin/../lib/gcc/arm-none-eabi/7.3.1/thumb/v6-m/libgcc.a(adddf3.o)
                0x0000000008000b38                __aeabi_dadd
 .text          0x0000000008001170      0x604 /Users/matteomiglio/Applications/Applications/Ac6/SystemWorkbench.app/Contents/Eclipse/plugins/fr.ac6.mcu.externaltools.arm-none.macos64_1.17.0.201812190825/tools/compiler/bin/../lib/gcc/arm-none-eabi/7.3.1/thumb/v6-m/libgcc.a(divdf3.o)
                0x0000000008001170                __aeabi_ddiv
 .text          0x0000000008001774       0x78 /Users/matteomiglio/Applications/Applications/Ac6/SystemWorkbench.app/Contents/Eclipse/plugins/fr.ac6.mcu.externaltools.arm-none.macos64_1.17.0.201812190825/tools/compiler/bin/../lib/gcc/arm-none-eabi/7.3.1/thumb/v6-m/libgcc.a(eqdf2.o)
                0x0000000008001774                __eqdf2
                0x0000000008001774                __nedf2
 .text          0x00000000080017ec       0xc8 /Users/matteomiglio/Applications/Applications/Ac6/SystemWorkbench.app/Contents/Eclipse/plugins/fr.ac6.mcu.externaltools.arm-none.macos64_1.17.0.201812190825/tools/compiler/bin/../lib/gcc/arm-none-eabi/7.3.1/thumb/v6-m/libgcc.a(gedf2.o)
                0x00000000080017ec                __gtdf2
                0x00000000080017ec                __gedf2
 .text          0x00000000080018b4       0xd0 /Users/matteomiglio/Applications/Applications/Ac6/SystemWorkbench.app/Contents/Eclipse/plugins/fr.ac6.mcu.externaltools.arm-none.macos64_1.17.0.201812190825/tools/compiler/bin/../lib/gcc/arm-none-eabi/7.3.1/thumb/v6-m/libgcc.a(ledf2.o)
                0x00000000080018b4                __ltdf2
                0x00000000080018b4                __ledf2
 .text          0x0000000008001984      0x4e4 /Users/matteomiglio/Applications/Applications/Ac6/SystemWorkbench.app/Contents/Eclipse/plugins/fr.ac6.mcu.externaltools.arm-none.macos64_1.17.0.201812190825/tools/compiler/bin/../lib/gcc/arm-none-eabi/7.3.1/thumb/v6-m/libgcc.a(muldf3.o)
                0x0000000008001984                __aeabi_dmul
 .text          0x0000000008001e68      0x690 /Users/matteomiglio/Applications/Applications/Ac6/SystemWorkbench.app/Contents/Eclipse/plugins/fr.ac6.mcu.externaltools.arm-none.macos64_1.17.0.201812190825/tools/compiler/bin/../lib/gcc/arm-none-eabi/7.3.1/thumb/v6-m/libgcc.a(subdf3.o)
                0x0000000008001e68                __aeabi_dsub
 .text          0x00000000080024f8       0x6c /Users/matteomiglio/Applications/Applications/Ac6/SystemWorkbench.app/Contents/Eclipse/plugins/fr.ac6.mcu.externaltools.arm-none.macos64_1.17.0.201812190825/tools/compiler/bin/../lib/gcc/arm-none-eabi/7.3.1/thumb/v6-m/libgcc.a(fixdfsi.o)
                0x00000000080024f8                __aeabi_d2iz
 .text          0x0000000008002564       0x74 /Users/matteomiglio/Applications/Applications/Ac6/SystemWorkbench.app/Contents/Eclipse/plugins/fr.ac6.mcu.externaltools.arm-none.macos64_1.17.0.201812190825/tools/compiler/bin/../lib/gcc/arm-none-eabi/7.3.1/thumb/v6-m/libgcc.a(floatsidf.o)
                0x0000000008002564                __aeabi_i2d
 .text          0x00000000080025d8       0x64 /Users/matteomiglio/Applications/Applications/Ac6/SystemWorkbench.app/Contents/Eclipse/plugins/fr.ac6.mcu.externaltools.arm-none.macos64_1.17.0.201812190825/tools/compiler/bin/../lib/gcc/arm-none-eabi/7.3.1/thumb/v6-m/libgcc.a(floatunsidf.o)
                0x00000000080025d8                __aeabi_ui2d
 .text          0x000000000800263c       0x3c /Users/matteomiglio/Applications/Applications/Ac6/SystemWorkbench.app/Contents/Eclipse/plugins/fr.ac6.mcu.externaltools.arm-none.macos64_1.17.0.201812190825/tools/compiler/bin/../lib/gcc/arm-none-eabi/7.3.1/thumb/v6-m/libgcc.a(_clzsi2.o)
                0x000000000800263c                __clzsi2
 .text          0x0000000008002678       0x40 /Users/matteomiglio/Applications/Applications/Ac6/SystemWorkbench.app/Contents/Eclipse/plugins/fr.ac6.mcu.externaltools.arm-none.macos64_1.17.0.201812190825/tools/compiler/bin/../lib/gcc/arm-none-eabi/7.3.1/thumb/v6-m/libgcc.a(_aeabi_uldivmod.o)
                0x0000000008002678                __aeabi_uldivmod
 .text          0x00000000080026b8       0x54 /Users/matteomiglio/Applications/Applications/Ac6/SystemWorkbench.app/Contents/Eclipse/plugins/fr.ac6.mcu.externaltools.arm-none.macos64_1.17.0.201812190825/tools/compiler/bin/../lib/gcc/arm-none-eabi/7.3.1/thumb/v6-m/libgcc.a(_muldi3.o)
                0x00000000080026b8                __aeabi_lmul
                0x00000000080026b8                __muldi3
 .text          0x000000000800270c      0x184 /Users/matteomiglio/Applications/Applications/Ac6/SystemWorkbench.app/Contents/Eclipse/plugins/fr.ac6.mcu.externaltools.arm-none.macos64_1.17.0.201812190825/tools/compiler/bin/../lib/gcc/arm-none-eabi/7.3.1/thumb/v6-m/libgcc.a(_udivmoddi4.o)
                0x000000000800270c                __udivmoddi4
 .text          0x0000000008002890       0x38 /Users/matteomiglio/Applications/Applications/Ac6/SystemWorkbench.app/Contents/Eclipse/plugins/fr.ac6.mcu.externaltools.arm-none.macos64_1.17.0.201812190825/tools/compiler/bin/../lib/gcc/arm-none-eabi/7.3.1/thumb/v6-m/libgcc.a(unorddf2.o)
                0x0000000008002890                __aeabi_dcmpun
 .text          0x00000000080028c8       0x18 /Users/matteomiglio/Applications/Applications/Ac6/SystemWorkbench.app/Contents/Eclipse/plugins/fr.ac6.mcu.externaltools.arm-none.macos64_1.17.0.201812190825/tools/compiler/bin/../lib/gcc/arm-none-eabi/7.3.1/thumb/v6-m/libgcc.a(_clzdi2.o)
                0x00000000080028c8                __clzdi2
 *(.text*)
 .text.small_delay
                0x00000000080028e0       0x18 src/OLED.o
                0x00000000080028e0                small_delay
 .text.spi_data
                0x00000000080028f8       0x38 src/OLED.o
                0x00000000080028f8                spi_data
 .text.spi_display1
                0x0000000008002930       0x3c src/OLED.o
                0x0000000008002930                spi_display1
 .text.spi_display2
                0x000000000800296c       0x3c src/OLED.o
                0x000000000800296c                spi_display2
 .text.spi_cmd  0x00000000080029a8       0x30 src/OLED.o
                0x00000000080029a8                spi_cmd
 .text.spi_init_oled
                0x00000000080029d8       0x48 src/OLED.o
                0x00000000080029d8                spi_init_oled
 .text.setup_spi2
                0x0000000008002a20       0x90 src/OLED.o
                0x0000000008002a20                setup_spi2
 .text.setup_tim17
                0x0000000008002ab0       0x80 src/bounce.o
                0x0000000008002ab0                setup_tim17
 .text.setup_tim2
                0x0000000008002b30       0x60 src/bounce.o
                0x0000000008002b30                setup_tim2
 .text.TIM2_IRQHandler
                0x0000000008002b90       0x48 src/bounce.o
                0x0000000008002b90                TIM2_IRQHandler
 .text.setup_portb
                0x0000000008002bd8       0x4c src/bounce.o
                0x0000000008002bd8                setup_portb
 .text.check_key
                0x0000000008002c24       0x44 src/bounce.o
                0x0000000008002c24                check_key
 .text.setup_spi1
                0x0000000008002c68       0xc4 src/bounce.o
                0x0000000008002c68                setup_spi1
 .text.pic_subset
                0x0000000008002d2c       0xa6 src/bounce.o
                0x0000000008002d2c                pic_subset
 .text.pic_overlay
                0x0000000008002dd2       0xc0 src/bounce.o
                0x0000000008002dd2                pic_overlay
 .text.perturb  0x0000000008002e92      0x10e src/bounce.o
                0x0000000008002e92                perturb
 .text.TIM17_IRQHandler
                0x0000000008002fa0      0x4f8 src/bounce.o
                0x0000000008002fa0                TIM17_IRQHandler
 .text.setup_usart5
                0x0000000008003498      0x120 src/bounce.o
                0x0000000008003498                setup_usart5
 .text.better_putchar
                0x00000000080035b8       0x58 src/bounce.o
                0x00000000080035b8                better_putchar
 .text.__io_putchar
                0x0000000008003610       0x1a src/bounce.o
                0x0000000008003610                __io_putchar
 .text.__io_getchar
                0x000000000800362a       0x10 src/bounce.o
                0x000000000800362a                __io_getchar
 *fill*         0x000000000800363a        0x2 
 .text.interrupt_getchar
                0x000000000800363c       0x2c src/bounce.o
                0x000000000800363c                interrupt_getchar
 .text.USART3_4_5_6_7_8_IRQHandler
                0x0000000008003668       0x4c src/bounce.o
                0x0000000008003668                USART3_4_5_6_7_8_IRQHandler
 .text.enable_tty_interrupt
                0x00000000080036b4       0x28 src/bounce.o
                0x00000000080036b4                enable_tty_interrupt
 .text.restart  0x00000000080036dc      0x218 src/bounce.o
                0x00000000080036dc                restart
 .text.main     0x00000000080038f4      0x2ec src/bounce.o
                0x00000000080038f4                main
 .text.fifo_empty
                0x0000000008003be0       0x2a src/fifo.o
                0x0000000008003be0                fifo_empty
 .text.fifo_full
                0x0000000008003c0a       0x3c src/fifo.o
                0x0000000008003c0a                fifo_full
 .text.fifo_insert
                0x0000000008003c46       0x90 src/fifo.o
                0x0000000008003c46                fifo_insert
 .text.fifo_uninsert
                0x0000000008003cd6       0x8c src/fifo.o
                0x0000000008003cd6                fifo_uninsert
 .text.fifo_newline
                0x0000000008003d62       0x3a src/fifo.o
                0x0000000008003d62                fifo_newline
 .text.fifo_remove
                0x0000000008003d9c       0x8c src/fifo.o
                0x0000000008003d9c                fifo_remove
 .text.nano_wait
                0x0000000008003e28       0x18 src/lcd.o
                0x0000000008003e28                nano_wait
 .text.LCD_Reset
                0x0000000008003e40       0x34 src/lcd.o
                0x0000000008003e40                LCD_Reset
 .text.LCD_WR_REG
                0x0000000008003e74       0x3c src/lcd.o
                0x0000000008003e74                LCD_WR_REG
 .text.LCD_WR_DATA
                0x0000000008003eb0       0x3c src/lcd.o
                0x0000000008003eb0                LCD_WR_DATA
 .text.LCD_WriteData16_Prepare
                0x0000000008003eec       0x28 src/lcd.o
                0x0000000008003eec                LCD_WriteData16_Prepare
 .text.LCD_WriteData16
                0x0000000008003f14       0x30 src/lcd.o
                0x0000000008003f14                LCD_WriteData16
 .text.LCD_WriteData16_End
                0x0000000008003f44       0x24 src/lcd.o
                0x0000000008003f44                LCD_WriteData16_End
 .text.LCD_WriteReg
                0x0000000008003f68       0x30 src/lcd.o
                0x0000000008003f68                LCD_WriteReg
 .text.LCD_WriteRAM_Prepare
                0x0000000008003f98       0x1c src/lcd.o
                0x0000000008003f98                LCD_WriteRAM_Prepare
 .text.LCD_direction
                0x0000000008003fb4       0xa4 src/lcd.o
                0x0000000008003fb4                LCD_direction
 .text.LCD_Init
                0x0000000008004058      0x244 src/lcd.o
                0x0000000008004058                LCD_Init
 .text.LCD_SetWindow
                0x000000000800429c       0xc0 src/lcd.o
                0x000000000800429c                LCD_SetWindow
 .text.LCD_DrawPicture
                0x000000000800435c       0xfc src/lcd.o
                0x000000000800435c                LCD_DrawPicture
 .text.enable_ports
                0x0000000008004458       0x78 src/music.o
                0x0000000008004458                enable_ports
 .text.update7  0x00000000080044d0       0x1c src/music.o
                0x00000000080044d0                update7
 .text.show_digit
                0x00000000080044ec       0x40 src/music.o
                0x00000000080044ec                show_digit
 .text.init_wavetable
                0x000000000800452c       0x84 src/music.o
                0x000000000800452c                init_wavetable
 .text.setup_tim1
                0x00000000080045b0      0x1b4 src/music.o
                0x00000000080045b0                setup_tim1
 .text.set_freq_a
                0x0000000008004764       0x68 src/music.o
                0x0000000008004764                set_freq_a
 .text.setup_tim7
                0x00000000080047cc       0x70 src/music.o
                0x00000000080047cc                setup_tim7
 .text.goodbye7Seg
                0x000000000800483c       0x44 src/music.o
                0x000000000800483c                goodbye7Seg
 .text.updateScore
                0x0000000008004880       0x4c src/music.o
                0x0000000008004880                updateScore
 .text.TIM7_IRQHandler
                0x00000000080048cc       0x44 src/music.o
                0x00000000080048cc                TIM7_IRQHandler
 .text.setup_tim6
                0x0000000008004910       0x44 src/music.o
                0x0000000008004910                setup_tim6
 .text.TIM6_DAC_IRQHandler
                0x0000000008004954       0xa8 src/music.o
                0x0000000008004954                TIM6_DAC_IRQHandler
 .text.setrgb   0x00000000080049fc      0x1bc src/music.o
                0x00000000080049fc                setrgb
 .text._read    0x0000000008004bb8       0x3a src/syscalls.o
                0x0000000008004bb8                _read
 .text._write   0x0000000008004bf2       0x38 src/syscalls.o
                0x0000000008004bf2                _write
 *fill*         0x0000000008004c2a        0x2 
 .text._sbrk    0x0000000008004c2c       0x58 src/syscalls.o
                0x0000000008004c2c                _sbrk
 .text._close   0x0000000008004c84       0x14 src/syscalls.o
                0x0000000008004c84                _close
 .text._fstat   0x0000000008004c98       0x1c src/syscalls.o
                0x0000000008004c98                _fstat
 .text._isatty  0x0000000008004cb4       0x12 src/syscalls.o
                0x0000000008004cb4                _isatty
 .text._lseek   0x0000000008004cc6       0x16 src/syscalls.o
                0x0000000008004cc6                _lseek
 .text.SystemInit
                0x0000000008004cdc       0x8c src/system_stm32f0xx.o
                0x0000000008004cdc                SystemInit
 .text.SetSysClock
                0x0000000008004d68       0xe0 src/system_stm32f0xx.o
 .text.putstr   0x0000000008004e48       0x28 src/tty.o
 .text.insert_echo_char
                0x0000000008004e70      0x11c src/tty.o
                0x0000000008004e70                insert_echo_char
 .text.Reset_Handler
                0x0000000008004f8c       0x50 startup/startup_stm32.o
                0x0000000008004f8c                Reset_Handler
 .text.Default_Handler
                0x0000000008004fdc        0x2 startup/startup_stm32.o
                0x0000000008004fdc                TIM1_BRK_UP_TRG_COM_IRQHandler
                0x0000000008004fdc                TIM1_CC_IRQHandler
                0x0000000008004fdc                TSC_IRQHandler
                0x0000000008004fdc                HardFault_Handler
                0x0000000008004fdc                SysTick_Handler
                0x0000000008004fdc                PVD_IRQHandler
                0x0000000008004fdc                PendSV_Handler
                0x0000000008004fdc                NMI_Handler
                0x0000000008004fdc                I2C1_IRQHandler
                0x0000000008004fdc                RCC_CRS_IRQHandler
                0x0000000008004fdc                SPI1_IRQHandler
                0x0000000008004fdc                EXTI2_3_IRQHandler
                0x0000000008004fdc                I2C2_IRQHandler
                0x0000000008004fdc                CEC_CAN_IRQHandler
                0x0000000008004fdc                RTC_IRQHandler
                0x0000000008004fdc                TIM16_IRQHandler
                0x0000000008004fdc                TIM3_IRQHandler
                0x0000000008004fdc                EXTI4_15_IRQHandler
                0x0000000008004fdc                Default_Handler
                0x0000000008004fdc                DMA1_CH2_3_DMA2_CH1_2_IRQHandler
                0x0000000008004fdc                TIM14_IRQHandler
                0x0000000008004fdc                TIM15_IRQHandler
                0x0000000008004fdc                EXTI0_1_IRQHandler
                0x0000000008004fdc                USB_IRQHandler
                0x0000000008004fdc                SPI2_IRQHandler
                0x0000000008004fdc                DMA1_CH1_IRQHandler
                0x0000000008004fdc                SVC_Handler
                0x0000000008004fdc                WWDG_IRQHandler
                0x0000000008004fdc                ADC_COMP_IRQHandler
                0x0000000008004fdc                USART2_IRQHandler
                0x0000000008004fdc                FLASH_IRQHandler
                0x0000000008004fdc                USART1_IRQHandler
                0x0000000008004fdc                DMA1_CH4_5_6_7_DMA2_CH3_4_5_IRQHandler
 *fill*         0x0000000008004fde        0x2 
 .text.sin      0x0000000008004fe0       0x90 /Users/matteomiglio/Applications/Applications/Ac6/SystemWorkbench.app/Contents/Eclipse/plugins/fr.ac6.mcu.externaltools.arm-none.macos64_1.17.0.201812190825/tools/compiler/bin/../lib/gcc/arm-none-eabi/7.3.1/../../../../arm-none-eabi/lib/thumb/v6-m/libm.a(lib_a-s_sin.o)
                0x0000000008004fe0                sin
 .text.__ieee754_rem_pio2
                0x0000000008005070      0x420 /Users/matteomiglio/Applications/Applications/Ac6/SystemWorkbench.app/Contents/Eclipse/plugins/fr.ac6.mcu.externaltools.arm-none.macos64_1.17.0.201812190825/tools/compiler/bin/../lib/gcc/arm-none-eabi/7.3.1/../../../../arm-none-eabi/lib/thumb/v6-m/libm.a(lib_a-e_rem_pio2.o)
                0x0000000008005070                __ieee754_rem_pio2
 .text.__kernel_cos
                0x0000000008005490      0x234 /Users/matteomiglio/Applications/Applications/Ac6/SystemWorkbench.app/Contents/Eclipse/plugins/fr.ac6.mcu.externaltools.arm-none.macos64_1.17.0.201812190825/tools/compiler/bin/../lib/gcc/arm-none-eabi/7.3.1/../../../../arm-none-eabi/lib/thumb/v6-m/libm.a(lib_a-k_cos.o)
                0x0000000008005490                __kernel_cos
 .text.__kernel_rem_pio2
                0x00000000080056c4      0x8c0 /Users/matteomiglio/Applications/Applications/Ac6/SystemWorkbench.app/Contents/Eclipse/plugins/fr.ac6.mcu.externaltools.arm-none.macos64_1.17.0.201812190825/tools/compiler/bin/../lib/gcc/arm-none-eabi/7.3.1/../../../../arm-none-eabi/lib/thumb/v6-m/libm.a(lib_a-k_rem_pio2.o)
                0x00000000080056c4                __kernel_rem_pio2
 .text.__kernel_sin
                0x0000000008005f84      0x164 /Users/matteomiglio/Applications/Applications/Ac6/SystemWorkbench.app/Contents/Eclipse/plugins/fr.ac6.mcu.externaltools.arm-none.macos64_1.17.0.201812190825/tools/compiler/bin/../lib/gcc/arm-none-eabi/7.3.1/../../../../arm-none-eabi/lib/thumb/v6-m/libm.a(lib_a-k_sin.o)
                0x0000000008005f84                __kernel_sin
 .text.fabs     0x00000000080060e8        0x8 /Users/matteomiglio/Applications/Applications/Ac6/SystemWorkbench.app/Contents/Eclipse/plugins/fr.ac6.mcu.externaltools.arm-none.macos64_1.17.0.201812190825/tools/compiler/bin/../lib/gcc/arm-none-eabi/7.3.1/../../../../arm-none-eabi/lib/thumb/v6-m/libm.a(lib_a-s_fabs.o)
                0x00000000080060e8                fabs
 .text.floor    0x00000000080060f0      0x138 /Users/matteomiglio/Applications/Applications/Ac6/SystemWorkbench.app/Contents/Eclipse/plugins/fr.ac6.mcu.externaltools.arm-none.macos64_1.17.0.201812190825/tools/compiler/bin/../lib/gcc/arm-none-eabi/7.3.1/../../../../arm-none-eabi/lib/thumb/v6-m/libm.a(lib_a-s_floor.o)
                0x00000000080060f0                floor
 .text.scalbn   0x0000000008006228       0xd0 /Users/matteomiglio/Applications/Applications/Ac6/SystemWorkbench.app/Contents/Eclipse/plugins/fr.ac6.mcu.externaltools.arm-none.macos64_1.17.0.201812190825/tools/compiler/bin/../lib/gcc/arm-none-eabi/7.3.1/../../../../arm-none-eabi/lib/thumb/v6-m/libm.a(lib_a-s_scalbn.o)
                0x0000000008006228                scalbn
 .text.copysign
                0x00000000080062f8       0x10 /Users/matteomiglio/Applications/Applications/Ac6/SystemWorkbench.app/Contents/Eclipse/plugins/fr.ac6.mcu.externaltools.arm-none.macos64_1.17.0.201812190825/tools/compiler/bin/../lib/gcc/arm-none-eabi/7.3.1/../../../../arm-none-eabi/lib/thumb/v6-m/libm.a(lib_a-s_copysign.o)
                0x00000000080062f8                copysign
 .text.__errno  0x0000000008006308        0xc /Users/matteomiglio/Applications/Applications/Ac6/SystemWorkbench.app/Contents/Eclipse/plugins/fr.ac6.mcu.externaltools.arm-none.macos64_1.17.0.201812190825/tools/compiler/bin/../lib/gcc/arm-none-eabi/7.3.1/../../../../arm-none-eabi/lib/thumb/v6-m/libc.a(lib_a-errno.o)
                0x0000000008006308                __errno
 .text.fgetc    0x0000000008006314       0x68 /Users/matteomiglio/Applications/Applications/Ac6/SystemWorkbench.app/Contents/Eclipse/plugins/fr.ac6.mcu.externaltools.arm-none.macos64_1.17.0.201812190825/tools/compiler/bin/../lib/gcc/arm-none-eabi/7.3.1/../../../../arm-none-eabi/lib/thumb/v6-m/libc.a(lib_a-fgetc.o)
                0x0000000008006314                fgetc
 .text.std      0x000000000800637c       0x50 /Users/matteomiglio/Applications/Applications/Ac6/SystemWorkbench.app/Contents/Eclipse/plugins/fr.ac6.mcu.externaltools.arm-none.macos64_1.17.0.201812190825/tools/compiler/bin/../lib/gcc/arm-none-eabi/7.3.1/../../../../arm-none-eabi/lib/thumb/v6-m/libc.a(lib_a-findfp.o)
 .text._cleanup_r
                0x00000000080063cc       0x10 /Users/matteomiglio/Applications/Applications/Ac6/SystemWorkbench.app/Contents/Eclipse/plugins/fr.ac6.mcu.externaltools.arm-none.macos64_1.17.0.201812190825/tools/compiler/bin/../lib/gcc/arm-none-eabi/7.3.1/../../../../arm-none-eabi/lib/thumb/v6-m/libc.a(lib_a-findfp.o)
                0x00000000080063cc                _cleanup_r
 .text.__sinit  0x00000000080063dc       0x60 /Users/matteomiglio/Applications/Applications/Ac6/SystemWorkbench.app/Contents/Eclipse/plugins/fr.ac6.mcu.externaltools.arm-none.macos64_1.17.0.201812190825/tools/compiler/bin/../lib/gcc/arm-none-eabi/7.3.1/../../../../arm-none-eabi/lib/thumb/v6-m/libc.a(lib_a-findfp.o)
                0x00000000080063dc                __sinit
 .text.__sfp_lock_acquire
                0x000000000800643c       0x10 /Users/matteomiglio/Applications/Applications/Ac6/SystemWorkbench.app/Contents/Eclipse/plugins/fr.ac6.mcu.externaltools.arm-none.macos64_1.17.0.201812190825/tools/compiler/bin/../lib/gcc/arm-none-eabi/7.3.1/../../../../arm-none-eabi/lib/thumb/v6-m/libc.a(lib_a-findfp.o)
                0x000000000800643c                __sfp_lock_acquire
 .text.__sfp_lock_release
                0x000000000800644c       0x10 /Users/matteomiglio/Applications/Applications/Ac6/SystemWorkbench.app/Contents/Eclipse/plugins/fr.ac6.mcu.externaltools.arm-none.macos64_1.17.0.201812190825/tools/compiler/bin/../lib/gcc/arm-none-eabi/7.3.1/../../../../arm-none-eabi/lib/thumb/v6-m/libc.a(lib_a-findfp.o)
                0x000000000800644c                __sfp_lock_release
 .text._fwalk   0x000000000800645c       0x44 /Users/matteomiglio/Applications/Applications/Ac6/SystemWorkbench.app/Contents/Eclipse/plugins/fr.ac6.mcu.externaltools.arm-none.macos64_1.17.0.201812190825/tools/compiler/bin/../lib/gcc/arm-none-eabi/7.3.1/../../../../arm-none-eabi/lib/thumb/v6-m/libc.a(lib_a-fwalk.o)
                0x000000000800645c                _fwalk
 .text._fwalk_reent
                0x00000000080064a0       0x4c /Users/matteomiglio/Applications/Applications/Ac6/SystemWorkbench.app/Contents/Eclipse/plugins/fr.ac6.mcu.externaltools.arm-none.macos64_1.17.0.201812190825/tools/compiler/bin/../lib/gcc/arm-none-eabi/7.3.1/../../../../arm-none-eabi/lib/thumb/v6-m/libc.a(lib_a-fwalk.o)
                0x00000000080064a0                _fwalk_reent
 .text.__libc_init_array
                0x00000000080064ec       0x48 /Users/matteomiglio/Applications/Applications/Ac6/SystemWorkbench.app/Contents/Eclipse/plugins/fr.ac6.mcu.externaltools.arm-none.macos64_1.17.0.201812190825/tools/compiler/bin/../lib/gcc/arm-none-eabi/7.3.1/../../../../arm-none-eabi/lib/thumb/v6-m/libc.a(lib_a-init.o)
                0x00000000080064ec                __libc_init_array
 .text.__retarget_lock_init_recursive
                0x0000000008006534        0x4 /Users/matteomiglio/Applications/Applications/Ac6/SystemWorkbench.app/Contents/Eclipse/plugins/fr.ac6.mcu.externaltools.arm-none.macos64_1.17.0.201812190825/tools/compiler/bin/../lib/gcc/arm-none-eabi/7.3.1/../../../../arm-none-eabi/lib/thumb/v6-m/libc.a(lib_a-lock.o)
                0x0000000008006534                __retarget_lock_init_recursive
 .text.__retarget_lock_close_recursive
                0x0000000008006538        0x4 /Users/matteomiglio/Applications/Applications/Ac6/SystemWorkbench.app/Contents/Eclipse/plugins/fr.ac6.mcu.externaltools.arm-none.macos64_1.17.0.201812190825/tools/compiler/bin/../lib/gcc/arm-none-eabi/7.3.1/../../../../arm-none-eabi/lib/thumb/v6-m/libc.a(lib_a-lock.o)
                0x0000000008006538                __retarget_lock_close_recursive
 .text.__retarget_lock_acquire_recursive
                0x000000000800653c        0x4 /Users/matteomiglio/Applications/Applications/Ac6/SystemWorkbench.app/Contents/Eclipse/plugins/fr.ac6.mcu.externaltools.arm-none.macos64_1.17.0.201812190825/tools/compiler/bin/../lib/gcc/arm-none-eabi/7.3.1/../../../../arm-none-eabi/lib/thumb/v6-m/libc.a(lib_a-lock.o)
                0x000000000800653c                __retarget_lock_acquire_recursive
 .text.__retarget_lock_release_recursive
                0x0000000008006540        0x4 /Users/matteomiglio/Applications/Applications/Ac6/SystemWorkbench.app/Contents/Eclipse/plugins/fr.ac6.mcu.externaltools.arm-none.macos64_1.17.0.201812190825/tools/compiler/bin/../lib/gcc/arm-none-eabi/7.3.1/../../../../arm-none-eabi/lib/thumb/v6-m/libc.a(lib_a-lock.o)
                0x0000000008006540                __retarget_lock_release_recursive
 .text._malloc_r
                0x0000000008006544      0x554 /Users/matteomiglio/Applications/Applications/Ac6/SystemWorkbench.app/Contents/Eclipse/plugins/fr.ac6.mcu.externaltools.arm-none.macos64_1.17.0.201812190825/tools/compiler/bin/../lib/gcc/arm-none-eabi/7.3.1/../../../../arm-none-eabi/lib/thumb/v6-m/libc.a(lib_a-mallocr.o)
                0x0000000008006544                _malloc_r
 .text.memset   0x0000000008006a98       0x9c /Users/matteomiglio/Applications/Applications/Ac6/SystemWorkbench.app/Contents/Eclipse/plugins/fr.ac6.mcu.externaltools.arm-none.macos64_1.17.0.201812190825/tools/compiler/bin/../lib/gcc/arm-none-eabi/7.3.1/../../../../arm-none-eabi/lib/thumb/v6-m/libc.a(lib_a-memset.o)
                0x0000000008006a98                memset
 .text.__malloc_lock
                0x0000000008006b34       0x10 /Users/matteomiglio/Applications/Applications/Ac6/SystemWorkbench.app/Contents/Eclipse/plugins/fr.ac6.mcu.externaltools.arm-none.macos64_1.17.0.201812190825/tools/compiler/bin/../lib/gcc/arm-none-eabi/7.3.1/../../../../arm-none-eabi/lib/thumb/v6-m/libc.a(lib_a-mlock.o)
                0x0000000008006b34                __malloc_lock
 .text.__malloc_unlock
                0x0000000008006b44       0x10 /Users/matteomiglio/Applications/Applications/Ac6/SystemWorkbench.app/Contents/Eclipse/plugins/fr.ac6.mcu.externaltools.arm-none.macos64_1.17.0.201812190825/tools/compiler/bin/../lib/gcc/arm-none-eabi/7.3.1/../../../../arm-none-eabi/lib/thumb/v6-m/libc.a(lib_a-mlock.o)
                0x0000000008006b44                __malloc_unlock
 .text.printf   0x0000000008006b54       0x24 /Users/matteomiglio/Applications/Applications/Ac6/SystemWorkbench.app/Contents/Eclipse/plugins/fr.ac6.mcu.externaltools.arm-none.macos64_1.17.0.201812190825/tools/compiler/bin/../lib/gcc/arm-none-eabi/7.3.1/../../../../arm-none-eabi/lib/thumb/v6-m/libc.a(lib_a-printf.o)
                0x0000000008006b54                printf
 .text._puts_r  0x0000000008006b78       0xa0 /Users/matteomiglio/Applications/Applications/Ac6/SystemWorkbench.app/Contents/Eclipse/plugins/fr.ac6.mcu.externaltools.arm-none.macos64_1.17.0.201812190825/tools/compiler/bin/../lib/gcc/arm-none-eabi/7.3.1/../../../../arm-none-eabi/lib/thumb/v6-m/libc.a(lib_a-puts.o)
                0x0000000008006b78                _puts_r
 .text.puts     0x0000000008006c18       0x14 /Users/matteomiglio/Applications/Applications/Ac6/SystemWorkbench.app/Contents/Eclipse/plugins/fr.ac6.mcu.externaltools.arm-none.macos64_1.17.0.201812190825/tools/compiler/bin/../lib/gcc/arm-none-eabi/7.3.1/../../../../arm-none-eabi/lib/thumb/v6-m/libc.a(lib_a-puts.o)
                0x0000000008006c18                puts
 .text.random   0x0000000008006c2c       0x34 /Users/matteomiglio/Applications/Applications/Ac6/SystemWorkbench.app/Contents/Eclipse/plugins/fr.ac6.mcu.externaltools.arm-none.macos64_1.17.0.201812190825/tools/compiler/bin/../lib/gcc/arm-none-eabi/7.3.1/../../../../arm-none-eabi/lib/thumb/v6-m/libc.a(lib_a-random.o)
                0x0000000008006c2c                random
 .text.__srget_r
                0x0000000008006c60       0x38 /Users/matteomiglio/Applications/Applications/Ac6/SystemWorkbench.app/Contents/Eclipse/plugins/fr.ac6.mcu.externaltools.arm-none.macos64_1.17.0.201812190825/tools/compiler/bin/../lib/gcc/arm-none-eabi/7.3.1/../../../../arm-none-eabi/lib/thumb/v6-m/libc.a(lib_a-rget.o)
                0x0000000008006c60                __srget_r
 .text._sbrk_r  0x0000000008006c98       0x24 /Users/matteomiglio/Applications/Applications/Ac6/SystemWorkbench.app/Contents/Eclipse/plugins/fr.ac6.mcu.externaltools.arm-none.macos64_1.17.0.201812190825/tools/compiler/bin/../lib/gcc/arm-none-eabi/7.3.1/../../../../arm-none-eabi/lib/thumb/v6-m/libc.a(lib_a-sbrkr.o)
                0x0000000008006c98                _sbrk_r
 .text.setbuf   0x0000000008006cbc       0x14 /Users/matteomiglio/Applications/Applications/Ac6/SystemWorkbench.app/Contents/Eclipse/plugins/fr.ac6.mcu.externaltools.arm-none.macos64_1.17.0.201812190825/tools/compiler/bin/../lib/gcc/arm-none-eabi/7.3.1/../../../../arm-none-eabi/lib/thumb/v6-m/libc.a(lib_a-setbuf.o)
                0x0000000008006cbc                setbuf
 .text.setvbuf  0x0000000008006cd0      0x198 /Users/matteomiglio/Applications/Applications/Ac6/SystemWorkbench.app/Contents/Eclipse/plugins/fr.ac6.mcu.externaltools.arm-none.macos64_1.17.0.201812190825/tools/compiler/bin/../lib/gcc/arm-none-eabi/7.3.1/../../../../arm-none-eabi/lib/thumb/v6-m/libc.a(lib_a-setvbuf.o)
                0x0000000008006cd0                setvbuf
 .text.sprintf  0x0000000008006e68       0x40 /Users/matteomiglio/Applications/Applications/Ac6/SystemWorkbench.app/Contents/Eclipse/plugins/fr.ac6.mcu.externaltools.arm-none.macos64_1.17.0.201812190825/tools/compiler/bin/../lib/gcc/arm-none-eabi/7.3.1/../../../../arm-none-eabi/lib/thumb/v6-m/libc.a(lib_a-sprintf.o)
                0x0000000008006e68                sprintf
 .text.__sread  0x0000000008006ea8       0x28 /Users/matteomiglio/Applications/Applications/Ac6/SystemWorkbench.app/Contents/Eclipse/plugins/fr.ac6.mcu.externaltools.arm-none.macos64_1.17.0.201812190825/tools/compiler/bin/../lib/gcc/arm-none-eabi/7.3.1/../../../../arm-none-eabi/lib/thumb/v6-m/libc.a(lib_a-stdio.o)
                0x0000000008006ea8                __sread
 .text.__swrite
                0x0000000008006ed0       0x3c /Users/matteomiglio/Applications/Applications/Ac6/SystemWorkbench.app/Contents/Eclipse/plugins/fr.ac6.mcu.externaltools.arm-none.macos64_1.17.0.201812190825/tools/compiler/bin/../lib/gcc/arm-none-eabi/7.3.1/../../../../arm-none-eabi/lib/thumb/v6-m/libc.a(lib_a-stdio.o)
                0x0000000008006ed0                __swrite
 .text.__sseek  0x0000000008006f0c       0x2c /Users/matteomiglio/Applications/Applications/Ac6/SystemWorkbench.app/Contents/Eclipse/plugins/fr.ac6.mcu.externaltools.arm-none.macos64_1.17.0.201812190825/tools/compiler/bin/../lib/gcc/arm-none-eabi/7.3.1/../../../../arm-none-eabi/lib/thumb/v6-m/libc.a(lib_a-stdio.o)
                0x0000000008006f0c                __sseek
 .text.__sclose
                0x0000000008006f38        0xc /Users/matteomiglio/Applications/Applications/Ac6/SystemWorkbench.app/Contents/Eclipse/plugins/fr.ac6.mcu.externaltools.arm-none.macos64_1.17.0.201812190825/tools/compiler/bin/../lib/gcc/arm-none-eabi/7.3.1/../../../../arm-none-eabi/lib/thumb/v6-m/libc.a(lib_a-stdio.o)
                0x0000000008006f38                __sclose
 .text.strlen   0x0000000008006f44       0x64 /Users/matteomiglio/Applications/Applications/Ac6/SystemWorkbench.app/Contents/Eclipse/plugins/fr.ac6.mcu.externaltools.arm-none.macos64_1.17.0.201812190825/tools/compiler/bin/../lib/gcc/arm-none-eabi/7.3.1/../../../../arm-none-eabi/lib/thumb/v6-m/libc.a(lib_a-strlen-stub.o)
                0x0000000008006f44                strlen
 .text._svfprintf_r
                0x0000000008006fa8     0x1b6c /Users/matteomiglio/Applications/Applications/Ac6/SystemWorkbench.app/Contents/Eclipse/plugins/fr.ac6.mcu.externaltools.arm-none.macos64_1.17.0.201812190825/tools/compiler/bin/../lib/gcc/arm-none-eabi/7.3.1/../../../../arm-none-eabi/lib/thumb/v6-m/libc.a(lib_a-svfprintf.o)
                0x0000000008006fa8                _svfprintf_r
 .text._vfprintf_r
                0x0000000008008b14     0x1c10 /Users/matteomiglio/Applications/Applications/Ac6/SystemWorkbench.app/Contents/Eclipse/plugins/fr.ac6.mcu.externaltools.arm-none.macos64_1.17.0.201812190825/tools/compiler/bin/../lib/gcc/arm-none-eabi/7.3.1/../../../../arm-none-eabi/lib/thumb/v6-m/libc.a(lib_a-vfprintf.o)
                0x0000000008008b14                _vfprintf_r
 .text.__sbprintf
                0x000000000800a724       0x88 /Users/matteomiglio/Applications/Applications/Ac6/SystemWorkbench.app/Contents/Eclipse/plugins/fr.ac6.mcu.externaltools.arm-none.macos64_1.17.0.201812190825/tools/compiler/bin/../lib/gcc/arm-none-eabi/7.3.1/../../../../arm-none-eabi/lib/thumb/v6-m/libc.a(lib_a-vfprintf.o)
 .text._write_r
                0x000000000800a7ac       0x28 /Users/matteomiglio/Applications/Applications/Ac6/SystemWorkbench.app/Contents/Eclipse/plugins/fr.ac6.mcu.externaltools.arm-none.macos64_1.17.0.201812190825/tools/compiler/bin/../lib/gcc/arm-none-eabi/7.3.1/../../../../arm-none-eabi/lib/thumb/v6-m/libc.a(lib_a-writer.o)
                0x000000000800a7ac                _write_r
 .text.__swsetup_r
                0x000000000800a7d4       0xd4 /Users/matteomiglio/Applications/Applications/Ac6/SystemWorkbench.app/Contents/Eclipse/plugins/fr.ac6.mcu.externaltools.arm-none.macos64_1.17.0.201812190825/tools/compiler/bin/../lib/gcc/arm-none-eabi/7.3.1/../../../../arm-none-eabi/lib/thumb/v6-m/libc.a(lib_a-wsetup.o)
                0x000000000800a7d4                __swsetup_r
 .text.startup.register_fini
                0x000000000800a8a8       0x18 /Users/matteomiglio/Applications/Applications/Ac6/SystemWorkbench.app/Contents/Eclipse/plugins/fr.ac6.mcu.externaltools.arm-none.macos64_1.17.0.201812190825/tools/compiler/bin/../lib/gcc/arm-none-eabi/7.3.1/../../../../arm-none-eabi/lib/thumb/v6-m/libc.a(lib_a-__call_atexit.o)
 .text.atexit   0x000000000800a8c0       0x10 /Users/matteomiglio/Applications/Applications/Ac6/SystemWorkbench.app/Contents/Eclipse/plugins/fr.ac6.mcu.externaltools.arm-none.macos64_1.17.0.201812190825/tools/compiler/bin/../lib/gcc/arm-none-eabi/7.3.1/../../../../arm-none-eabi/lib/thumb/v6-m/libc.a(lib_a-atexit.o)
                0x000000000800a8c0                atexit
 .text._close_r
                0x000000000800a8d0       0x24 /Users/matteomiglio/Applications/Applications/Ac6/SystemWorkbench.app/Contents/Eclipse/plugins/fr.ac6.mcu.externaltools.arm-none.macos64_1.17.0.201812190825/tools/compiler/bin/../lib/gcc/arm-none-eabi/7.3.1/../../../../arm-none-eabi/lib/thumb/v6-m/libc.a(lib_a-closer.o)
                0x000000000800a8d0                _close_r
 .text.quorem   0x000000000800a8f4      0x154 /Users/matteomiglio/Applications/Applications/Ac6/SystemWorkbench.app/Contents/Eclipse/plugins/fr.ac6.mcu.externaltools.arm-none.macos64_1.17.0.201812190825/tools/compiler/bin/../lib/gcc/arm-none-eabi/7.3.1/../../../../arm-none-eabi/lib/thumb/v6-m/libc.a(lib_a-dtoa.o)
 .text._dtoa_r  0x000000000800aa48      0xf4c /Users/matteomiglio/Applications/Applications/Ac6/SystemWorkbench.app/Contents/Eclipse/plugins/fr.ac6.mcu.externaltools.arm-none.macos64_1.17.0.201812190825/tools/compiler/bin/../lib/gcc/arm-none-eabi/7.3.1/../../../../arm-none-eabi/lib/thumb/v6-m/libc.a(lib_a-dtoa.o)
                0x000000000800aa48                _dtoa_r
 .text._fclose_r
                0x000000000800b994       0xd8 /Users/matteomiglio/Applications/Applications/Ac6/SystemWorkbench.app/Contents/Eclipse/plugins/fr.ac6.mcu.externaltools.arm-none.macos64_1.17.0.201812190825/tools/compiler/bin/../lib/gcc/arm-none-eabi/7.3.1/../../../../arm-none-eabi/lib/thumb/v6-m/libc.a(lib_a-fclose.o)
                0x000000000800b994                _fclose_r
 .text.__sflush_r
                0x000000000800ba6c      0x150 /Users/matteomiglio/Applications/Applications/Ac6/SystemWorkbench.app/Contents/Eclipse/plugins/fr.ac6.mcu.externaltools.arm-none.macos64_1.17.0.201812190825/tools/compiler/bin/../lib/gcc/arm-none-eabi/7.3.1/../../../../arm-none-eabi/lib/thumb/v6-m/libc.a(lib_a-fflush.o)
                0x000000000800ba6c                __sflush_r
 .text._fflush_r
                0x000000000800bbbc       0x54 /Users/matteomiglio/Applications/Applications/Ac6/SystemWorkbench.app/Contents/Eclipse/plugins/fr.ac6.mcu.externaltools.arm-none.macos64_1.17.0.201812190825/tools/compiler/bin/../lib/gcc/arm-none-eabi/7.3.1/../../../../arm-none-eabi/lib/thumb/v6-m/libc.a(lib_a-fflush.o)
                0x000000000800bbbc                _fflush_r
 .text.fflush   0x000000000800bc10       0x28 /Users/matteomiglio/Applications/Applications/Ac6/SystemWorkbench.app/Contents/Eclipse/plugins/fr.ac6.mcu.externaltools.arm-none.macos64_1.17.0.201812190825/tools/compiler/bin/../lib/gcc/arm-none-eabi/7.3.1/../../../../arm-none-eabi/lib/thumb/v6-m/libc.a(lib_a-fflush.o)
                0x000000000800bc10                fflush
 .text.__libc_fini_array
                0x000000000800bc38       0x34 /Users/matteomiglio/Applications/Applications/Ac6/SystemWorkbench.app/Contents/Eclipse/plugins/fr.ac6.mcu.externaltools.arm-none.macos64_1.17.0.201812190825/tools/compiler/bin/../lib/gcc/arm-none-eabi/7.3.1/../../../../arm-none-eabi/lib/thumb/v6-m/libc.a(lib_a-fini.o)
                0x000000000800bc38                __libc_fini_array
 .text._malloc_trim_r
                0x000000000800bc6c       0xa0 /Users/matteomiglio/Applications/Applications/Ac6/SystemWorkbench.app/Contents/Eclipse/plugins/fr.ac6.mcu.externaltools.arm-none.macos64_1.17.0.201812190825/tools/compiler/bin/../lib/gcc/arm-none-eabi/7.3.1/../../../../arm-none-eabi/lib/thumb/v6-m/libc.a(lib_a-freer.o)
                0x000000000800bc6c                _malloc_trim_r
 .text._free_r  0x000000000800bd0c      0x1d4 /Users/matteomiglio/Applications/Applications/Ac6/SystemWorkbench.app/Contents/Eclipse/plugins/fr.ac6.mcu.externaltools.arm-none.macos64_1.17.0.201812190825/tools/compiler/bin/../lib/gcc/arm-none-eabi/7.3.1/../../../../arm-none-eabi/lib/thumb/v6-m/libc.a(lib_a-freer.o)
                0x000000000800bd0c                _free_r
 .text.__sfvwrite_r
                0x000000000800bee0      0x2fc /Users/matteomiglio/Applications/Applications/Ac6/SystemWorkbench.app/Contents/Eclipse/plugins/fr.ac6.mcu.externaltools.arm-none.macos64_1.17.0.201812190825/tools/compiler/bin/../lib/gcc/arm-none-eabi/7.3.1/../../../../arm-none-eabi/lib/thumb/v6-m/libc.a(lib_a-fvwrite.o)
                0x000000000800bee0                __sfvwrite_r
 .text._localeconv_r
                0x000000000800c1dc       0x18 /Users/matteomiglio/Applications/Applications/Ac6/SystemWorkbench.app/Contents/Eclipse/plugins/fr.ac6.mcu.externaltools.arm-none.macos64_1.17.0.201812190825/tools/compiler/bin/../lib/gcc/arm-none-eabi/7.3.1/../../../../arm-none-eabi/lib/thumb/v6-m/libc.a(lib_a-localeconv.o)
                0x000000000800c1dc                _localeconv_r
 .text._lseek_r
                0x000000000800c1f4       0x28 /Users/matteomiglio/Applications/Applications/Ac6/SystemWorkbench.app/Contents/Eclipse/plugins/fr.ac6.mcu.externaltools.arm-none.macos64_1.17.0.201812190825/tools/compiler/bin/../lib/gcc/arm-none-eabi/7.3.1/../../../../arm-none-eabi/lib/thumb/v6-m/libc.a(lib_a-lseekr.o)
                0x000000000800c1f4                _lseek_r
 .text.__swhatbuf_r
                0x000000000800c21c       0x60 /Users/matteomiglio/Applications/Applications/Ac6/SystemWorkbench.app/Contents/Eclipse/plugins/fr.ac6.mcu.externaltools.arm-none.macos64_1.17.0.201812190825/tools/compiler/bin/../lib/gcc/arm-none-eabi/7.3.1/../../../../arm-none-eabi/lib/thumb/v6-m/libc.a(lib_a-makebuf.o)
                0x000000000800c21c                __swhatbuf_r
 .text.__smakebuf_r
                0x000000000800c27c       0x90 /Users/matteomiglio/Applications/Applications/Ac6/SystemWorkbench.app/Contents/Eclipse/plugins/fr.ac6.mcu.externaltools.arm-none.macos64_1.17.0.201812190825/tools/compiler/bin/../lib/gcc/arm-none-eabi/7.3.1/../../../../arm-none-eabi/lib/thumb/v6-m/libc.a(lib_a-makebuf.o)
                0x000000000800c27c                __smakebuf_r
 .text.malloc   0x000000000800c30c       0x14 /Users/matteomiglio/Applications/Applications/Ac6/SystemWorkbench.app/Contents/Eclipse/plugins/fr.ac6.mcu.externaltools.arm-none.macos64_1.17.0.201812190825/tools/compiler/bin/../lib/gcc/arm-none-eabi/7.3.1/../../../../arm-none-eabi/lib/thumb/v6-m/libc.a(lib_a-malloc.o)
                0x000000000800c30c                malloc
 .text.memchr   0x000000000800c320       0x80 /Users/matteomiglio/Applications/Applications/Ac6/SystemWorkbench.app/Contents/Eclipse/plugins/fr.ac6.mcu.externaltools.arm-none.macos64_1.17.0.201812190825/tools/compiler/bin/../lib/gcc/arm-none-eabi/7.3.1/../../../../arm-none-eabi/lib/thumb/v6-m/libc.a(lib_a-memchr-stub.o)
                0x000000000800c320                memchr
 .text.memcpy   0x000000000800c3a0       0x88 /Users/matteomiglio/Applications/Applications/Ac6/SystemWorkbench.app/Contents/Eclipse/plugins/fr.ac6.mcu.externaltools.arm-none.macos64_1.17.0.201812190825/tools/compiler/bin/../lib/gcc/arm-none-eabi/7.3.1/../../../../arm-none-eabi/lib/thumb/v6-m/libc.a(lib_a-memcpy-stub.o)
                0x000000000800c3a0                memcpy
 .text.memmove  0x000000000800c428       0x9c /Users/matteomiglio/Applications/Applications/Ac6/SystemWorkbench.app/Contents/Eclipse/plugins/fr.ac6.mcu.externaltools.arm-none.macos64_1.17.0.201812190825/tools/compiler/bin/../lib/gcc/arm-none-eabi/7.3.1/../../../../arm-none-eabi/lib/thumb/v6-m/libc.a(lib_a-memmove.o)
                0x000000000800c428                memmove
 .text._Balloc  0x000000000800c4c4       0x50 /Users/matteomiglio/Applications/Applications/Ac6/SystemWorkbench.app/Contents/Eclipse/plugins/fr.ac6.mcu.externaltools.arm-none.macos64_1.17.0.201812190825/tools/compiler/bin/../lib/gcc/arm-none-eabi/7.3.1/../../../../arm-none-eabi/lib/thumb/v6-m/libc.a(lib_a-mprec.o)
                0x000000000800c4c4                _Balloc
 .text._Bfree   0x000000000800c514       0x14 /Users/matteomiglio/Applications/Applications/Ac6/SystemWorkbench.app/Contents/Eclipse/plugins/fr.ac6.mcu.externaltools.arm-none.macos64_1.17.0.201812190825/tools/compiler/bin/../lib/gcc/arm-none-eabi/7.3.1/../../../../arm-none-eabi/lib/thumb/v6-m/libc.a(lib_a-mprec.o)
                0x000000000800c514                _Bfree
 .text.__multadd
                0x000000000800c528       0x8c /Users/matteomiglio/Applications/Applications/Ac6/SystemWorkbench.app/Contents/Eclipse/plugins/fr.ac6.mcu.externaltools.arm-none.macos64_1.17.0.201812190825/tools/compiler/bin/../lib/gcc/arm-none-eabi/7.3.1/../../../../arm-none-eabi/lib/thumb/v6-m/libc.a(lib_a-mprec.o)
                0x000000000800c528                __multadd
 .text.__hi0bits
                0x000000000800c5b4       0x38 /Users/matteomiglio/Applications/Applications/Ac6/SystemWorkbench.app/Contents/Eclipse/plugins/fr.ac6.mcu.externaltools.arm-none.macos64_1.17.0.201812190825/tools/compiler/bin/../lib/gcc/arm-none-eabi/7.3.1/../../../../arm-none-eabi/lib/thumb/v6-m/libc.a(lib_a-mprec.o)
                0x000000000800c5b4                __hi0bits
 .text.__lo0bits
                0x000000000800c5ec       0x5c /Users/matteomiglio/Applications/Applications/Ac6/SystemWorkbench.app/Contents/Eclipse/plugins/fr.ac6.mcu.externaltools.arm-none.macos64_1.17.0.201812190825/tools/compiler/bin/../lib/gcc/arm-none-eabi/7.3.1/../../../../arm-none-eabi/lib/thumb/v6-m/libc.a(lib_a-mprec.o)
                0x000000000800c5ec                __lo0bits
 .text.__i2b    0x000000000800c648       0x14 /Users/matteomiglio/Applications/Applications/Ac6/SystemWorkbench.app/Contents/Eclipse/plugins/fr.ac6.mcu.externaltools.arm-none.macos64_1.17.0.201812190825/tools/compiler/bin/../lib/gcc/arm-none-eabi/7.3.1/../../../../arm-none-eabi/lib/thumb/v6-m/libc.a(lib_a-mprec.o)
                0x000000000800c648                __i2b
 .text.__multiply
                0x000000000800c65c      0x178 /Users/matteomiglio/Applications/Applications/Ac6/SystemWorkbench.app/Contents/Eclipse/plugins/fr.ac6.mcu.externaltools.arm-none.macos64_1.17.0.201812190825/tools/compiler/bin/../lib/gcc/arm-none-eabi/7.3.1/../../../../arm-none-eabi/lib/thumb/v6-m/libc.a(lib_a-mprec.o)
                0x000000000800c65c                __multiply
 .text.__pow5mult
                0x000000000800c7d4       0xc0 /Users/matteomiglio/Applications/Applications/Ac6/SystemWorkbench.app/Contents/Eclipse/plugins/fr.ac6.mcu.externaltools.arm-none.macos64_1.17.0.201812190825/tools/compiler/bin/../lib/gcc/arm-none-eabi/7.3.1/../../../../arm-none-eabi/lib/thumb/v6-m/libc.a(lib_a-mprec.o)
                0x000000000800c7d4                __pow5mult
 .text.__lshift
                0x000000000800c894       0xc8 /Users/matteomiglio/Applications/Applications/Ac6/SystemWorkbench.app/Contents/Eclipse/plugins/fr.ac6.mcu.externaltools.arm-none.macos64_1.17.0.201812190825/tools/compiler/bin/../lib/gcc/arm-none-eabi/7.3.1/../../../../arm-none-eabi/lib/thumb/v6-m/libc.a(lib_a-mprec.o)
                0x000000000800c894                __lshift
 .text.__mcmp   0x000000000800c95c       0x34 /Users/matteomiglio/Applications/Applications/Ac6/SystemWorkbench.app/Contents/Eclipse/plugins/fr.ac6.mcu.externaltools.arm-none.macos64_1.17.0.201812190825/tools/compiler/bin/../lib/gcc/arm-none-eabi/7.3.1/../../../../arm-none-eabi/lib/thumb/v6-m/libc.a(lib_a-mprec.o)
                0x000000000800c95c                __mcmp
 .text.__mdiff  0x000000000800c990      0x124 /Users/matteomiglio/Applications/Applications/Ac6/SystemWorkbench.app/Contents/Eclipse/plugins/fr.ac6.mcu.externaltools.arm-none.macos64_1.17.0.201812190825/tools/compiler/bin/../lib/gcc/arm-none-eabi/7.3.1/../../../../arm-none-eabi/lib/thumb/v6-m/libc.a(lib_a-mprec.o)
                0x000000000800c990                __mdiff
 .text.__d2b    0x000000000800cab4       0xbc /Users/matteomiglio/Applications/Applications/Ac6/SystemWorkbench.app/Contents/Eclipse/plugins/fr.ac6.mcu.externaltools.arm-none.macos64_1.17.0.201812190825/tools/compiler/bin/../lib/gcc/arm-none-eabi/7.3.1/../../../../arm-none-eabi/lib/thumb/v6-m/libc.a(lib_a-mprec.o)
                0x000000000800cab4                __d2b
 .text._read_r  0x000000000800cb70       0x28 /Users/matteomiglio/Applications/Applications/Ac6/SystemWorkbench.app/Contents/Eclipse/plugins/fr.ac6.mcu.externaltools.arm-none.macos64_1.17.0.201812190825/tools/compiler/bin/../lib/gcc/arm-none-eabi/7.3.1/../../../../arm-none-eabi/lib/thumb/v6-m/libc.a(lib_a-readr.o)
                0x000000000800cb70                _read_r
 .text._realloc_r
                0x000000000800cb98      0x3b0 /Users/matteomiglio/Applications/Applications/Ac6/SystemWorkbench.app/Contents/Eclipse/plugins/fr.ac6.mcu.externaltools.arm-none.macos64_1.17.0.201812190825/tools/compiler/bin/../lib/gcc/arm-none-eabi/7.3.1/../../../../arm-none-eabi/lib/thumb/v6-m/libc.a(lib_a-reallocr.o)
                0x000000000800cb98                _realloc_r
 .text.lflush   0x000000000800cf48       0x1c /Users/matteomiglio/Applications/Applications/Ac6/SystemWorkbench.app/Contents/Eclipse/plugins/fr.ac6.mcu.externaltools.arm-none.macos64_1.17.0.201812190825/tools/compiler/bin/../lib/gcc/arm-none-eabi/7.3.1/../../../../arm-none-eabi/lib/thumb/v6-m/libc.a(lib_a-refill.o)
 .text.__srefill_r
                0x000000000800cf64      0x124 /Users/matteomiglio/Applications/Applications/Ac6/SystemWorkbench.app/Contents/Eclipse/plugins/fr.ac6.mcu.externaltools.arm-none.macos64_1.17.0.201812190825/tools/compiler/bin/../lib/gcc/arm-none-eabi/7.3.1/../../../../arm-none-eabi/lib/thumb/v6-m/libc.a(lib_a-refill.o)
                0x000000000800cf64                __srefill_r
 .text.frexp    0x000000000800d088       0x64 /Users/matteomiglio/Applications/Applications/Ac6/SystemWorkbench.app/Contents/Eclipse/plugins/fr.ac6.mcu.externaltools.arm-none.macos64_1.17.0.201812190825/tools/compiler/bin/../lib/gcc/arm-none-eabi/7.3.1/../../../../arm-none-eabi/lib/thumb/v6-m/libc.a(lib_a-s_frexp.o)
                0x000000000800d088                frexp
 .text.strncpy  0x000000000800d0ec       0x8c /Users/matteomiglio/Applications/Applications/Ac6/SystemWorkbench.app/Contents/Eclipse/plugins/fr.ac6.mcu.externaltools.arm-none.macos64_1.17.0.201812190825/tools/compiler/bin/../lib/gcc/arm-none-eabi/7.3.1/../../../../arm-none-eabi/lib/thumb/v6-m/libc.a(lib_a-strncpy.o)
                0x000000000800d0ec                strncpy
 .text.__ssprint_r
                0x000000000800d178      0x118 /Users/matteomiglio/Applications/Applications/Ac6/SystemWorkbench.app/Contents/Eclipse/plugins/fr.ac6.mcu.externaltools.arm-none.macos64_1.17.0.201812190825/tools/compiler/bin/../lib/gcc/arm-none-eabi/7.3.1/../../../../arm-none-eabi/lib/thumb/v6-m/libc.a(lib_a-svfiprintf.o)
                0x000000000800d178                __ssprint_r
 .text.__sprint_r.part.0
                0x000000000800d290       0x80 /Users/matteomiglio/Applications/Applications/Ac6/SystemWorkbench.app/Contents/Eclipse/plugins/fr.ac6.mcu.externaltools.arm-none.macos64_1.17.0.201812190825/tools/compiler/bin/../lib/gcc/arm-none-eabi/7.3.1/../../../../arm-none-eabi/lib/thumb/v6-m/libc.a(lib_a-vfiprintf.o)
 .text.__sprint_r
                0x000000000800d310       0x14 /Users/matteomiglio/Applications/Applications/Ac6/SystemWorkbench.app/Contents/Eclipse/plugins/fr.ac6.mcu.externaltools.arm-none.macos64_1.17.0.201812190825/tools/compiler/bin/../lib/gcc/arm-none-eabi/7.3.1/../../../../arm-none-eabi/lib/thumb/v6-m/libc.a(lib_a-vfiprintf.o)
                0x000000000800d310                __sprint_r
 .text.__register_exitproc
                0x000000000800d324       0xf4 /Users/matteomiglio/Applications/Applications/Ac6/SystemWorkbench.app/Contents/Eclipse/plugins/fr.ac6.mcu.externaltools.arm-none.macos64_1.17.0.201812190825/tools/compiler/bin/../lib/gcc/arm-none-eabi/7.3.1/../../../../arm-none-eabi/lib/thumb/v6-m/libc.a(lib_a-__atexit.o)
                0x000000000800d324                __register_exitproc
 .text._calloc_r
                0x000000000800d418       0x58 /Users/matteomiglio/Applications/Applications/Ac6/SystemWorkbench.app/Contents/Eclipse/plugins/fr.ac6.mcu.externaltools.arm-none.macos64_1.17.0.201812190825/tools/compiler/bin/../lib/gcc/arm-none-eabi/7.3.1/../../../../arm-none-eabi/lib/thumb/v6-m/libc.a(lib_a-callocr.o)
                0x000000000800d418                _calloc_r
 .text.__fputwc
                0x000000000800d470       0x94 /Users/matteomiglio/Applications/Applications/Ac6/SystemWorkbench.app/Contents/Eclipse/plugins/fr.ac6.mcu.externaltools.arm-none.macos64_1.17.0.201812190825/tools/compiler/bin/../lib/gcc/arm-none-eabi/7.3.1/../../../../arm-none-eabi/lib/thumb/v6-m/libc.a(lib_a-fputwc.o)
                0x000000000800d470                __fputwc
 .text._fputwc_r
                0x000000000800d504       0x5c /Users/matteomiglio/Applications/Applications/Ac6/SystemWorkbench.app/Contents/Eclipse/plugins/fr.ac6.mcu.externaltools.arm-none.macos64_1.17.0.201812190825/tools/compiler/bin/../lib/gcc/arm-none-eabi/7.3.1/../../../../arm-none-eabi/lib/thumb/v6-m/libc.a(lib_a-fputwc.o)
                0x000000000800d504                _fputwc_r
 .text._fstat_r
                0x000000000800d560       0x28 /Users/matteomiglio/Applications/Applications/Ac6/SystemWorkbench.app/Contents/Eclipse/plugins/fr.ac6.mcu.externaltools.arm-none.macos64_1.17.0.201812190825/tools/compiler/bin/../lib/gcc/arm-none-eabi/7.3.1/../../../../arm-none-eabi/lib/thumb/v6-m/libc.a(lib_a-fstatr.o)
                0x000000000800d560                _fstat_r
 .text._isatty_r
                0x000000000800d588       0x24 /Users/matteomiglio/Applications/Applications/Ac6/SystemWorkbench.app/Contents/Eclipse/plugins/fr.ac6.mcu.externaltools.arm-none.macos64_1.17.0.201812190825/tools/compiler/bin/../lib/gcc/arm-none-eabi/7.3.1/../../../../arm-none-eabi/lib/thumb/v6-m/libc.a(lib_a-isattyr.o)
                0x000000000800d588                _isatty_r
 .text.__locale_mb_cur_max
                0x000000000800d5ac       0x1c /Users/matteomiglio/Applications/Applications/Ac6/SystemWorkbench.app/Contents/Eclipse/plugins/fr.ac6.mcu.externaltools.arm-none.macos64_1.17.0.201812190825/tools/compiler/bin/../lib/gcc/arm-none-eabi/7.3.1/../../../../arm-none-eabi/lib/thumb/v6-m/libc.a(lib_a-locale.o)
                0x000000000800d5ac                __locale_mb_cur_max
 .text.__ascii_mbtowc
                0x000000000800d5c8       0x2c /Users/matteomiglio/Applications/Applications/Ac6/SystemWorkbench.app/Contents/Eclipse/plugins/fr.ac6.mcu.externaltools.arm-none.macos64_1.17.0.201812190825/tools/compiler/bin/../lib/gcc/arm-none-eabi/7.3.1/../../../../arm-none-eabi/lib/thumb/v6-m/libc.a(lib_a-mbtowc_r.o)
                0x000000000800d5c8                __ascii_mbtowc
 .text.__swbuf_r
                0x000000000800d5f4       0xc8 /Users/matteomiglio/Applications/Applications/Ac6/SystemWorkbench.app/Contents/Eclipse/plugins/fr.ac6.mcu.externaltools.arm-none.macos64_1.17.0.201812190825/tools/compiler/bin/../lib/gcc/arm-none-eabi/7.3.1/../../../../arm-none-eabi/lib/thumb/v6-m/libc.a(lib_a-wbuf.o)
                0x000000000800d5f4                __swbuf_r
 .text._wcrtomb_r
                0x000000000800d6bc       0x58 /Users/matteomiglio/Applications/Applications/Ac6/SystemWorkbench.app/Contents/Eclipse/plugins/fr.ac6.mcu.externaltools.arm-none.macos64_1.17.0.201812190825/tools/compiler/bin/../lib/gcc/arm-none-eabi/7.3.1/../../../../arm-none-eabi/lib/thumb/v6-m/libc.a(lib_a-wcrtomb.o)
                0x000000000800d6bc                _wcrtomb_r
 .text.__ascii_wctomb
                0x000000000800d714       0x1c /Users/matteomiglio/Applications/Applications/Ac6/SystemWorkbench.app/Contents/Eclipse/plugins/fr.ac6.mcu.externaltools.arm-none.macos64_1.17.0.201812190825/tools/compiler/bin/../lib/gcc/arm-none-eabi/7.3.1/../../../../arm-none-eabi/lib/thumb/v6-m/libc.a(lib_a-wctomb_r.o)
                0x000000000800d714                __ascii_wctomb
 *(.glue_7)
 .glue_7        0x000000000800d730        0x0 linker stubs
 *(.glue_7t)
 .glue_7t       0x000000000800d730        0x0 linker stubs
 *(.eh_frame)
 .eh_frame      0x000000000800d730        0x0 /Users/matteomiglio/Applications/Applications/Ac6/SystemWorkbench.app/Contents/Eclipse/plugins/fr.ac6.mcu.externaltools.arm-none.macos64_1.17.0.201812190825/tools/compiler/bin/../lib/gcc/arm-none-eabi/7.3.1/thumb/v6-m/crtbegin.o
 *(.init)
 .init          0x000000000800d730        0x4 /Users/matteomiglio/Applications/Applications/Ac6/SystemWorkbench.app/Contents/Eclipse/plugins/fr.ac6.mcu.externaltools.arm-none.macos64_1.17.0.201812190825/tools/compiler/bin/../lib/gcc/arm-none-eabi/7.3.1/thumb/v6-m/crti.o
                0x000000000800d730                _init
 .init          0x000000000800d734        0x8 /Users/matteomiglio/Applications/Applications/Ac6/SystemWorkbench.app/Contents/Eclipse/plugins/fr.ac6.mcu.externaltools.arm-none.macos64_1.17.0.201812190825/tools/compiler/bin/../lib/gcc/arm-none-eabi/7.3.1/thumb/v6-m/crtn.o
 *(.fini)
 .fini          0x000000000800d73c        0x4 /Users/matteomiglio/Applications/Applications/Ac6/SystemWorkbench.app/Contents/Eclipse/plugins/fr.ac6.mcu.externaltools.arm-none.macos64_1.17.0.201812190825/tools/compiler/bin/../lib/gcc/arm-none-eabi/7.3.1/thumb/v6-m/crti.o
                0x000000000800d73c                _fini
 .fini          0x000000000800d740        0x8 /Users/matteomiglio/Applications/Applications/Ac6/SystemWorkbench.app/Contents/Eclipse/plugins/fr.ac6.mcu.externaltools.arm-none.macos64_1.17.0.201812190825/tools/compiler/bin/../lib/gcc/arm-none-eabi/7.3.1/thumb/v6-m/crtn.o
                0x000000000800d748                . = ALIGN (0x4)
                0x000000000800d748                _etext = .

.vfp11_veneer   0x000000000800d748        0x0
 .vfp11_veneer  0x000000000800d748        0x0 linker stubs

.v4_bx          0x000000000800d748        0x0
 .v4_bx         0x000000000800d748        0x0 linker stubs

.iplt           0x000000000800d748        0x0
 .iplt          0x000000000800d748        0x0 /Users/matteomiglio/Applications/Applications/Ac6/SystemWorkbench.app/Contents/Eclipse/plugins/fr.ac6.mcu.externaltools.arm-none.macos64_1.17.0.201812190825/tools/compiler/bin/../lib/gcc/arm-none-eabi/7.3.1/thumb/v6-m/crtbegin.o

.rodata         0x000000000800d748    0x26750
                0x000000000800d748                . = ALIGN (0x4)
 *(.rodata)
 .rodata        0x000000000800d748    0x25810 src/background.o
                0x000000000800d748                background
 .rodata        0x0000000008032f58      0x2e0 src/ball.o
                0x0000000008032f58                ball
 .rodata        0x0000000008033238      0x14f src/bounce.o
                0x0000000008033238                border
 *fill*         0x0000000008033387        0x1 
 .rodata        0x0000000008033388      0x25c src/paddle.o
                0x0000000008033388                paddle
 .rodata        0x00000000080335e4       0x13 src/tty.o
 *fill*         0x00000000080335f7        0x1 
 .rodata        0x00000000080335f8       0x80 /Users/matteomiglio/Applications/Applications/Ac6/SystemWorkbench.app/Contents/Eclipse/plugins/fr.ac6.mcu.externaltools.arm-none.macos64_1.17.0.201812190825/tools/compiler/bin/../lib/gcc/arm-none-eabi/7.3.1/thumb/v6-m/libgcc.a(divsf3.o)
 .rodata        0x0000000008033678       0x40 /Users/matteomiglio/Applications/Applications/Ac6/SystemWorkbench.app/Contents/Eclipse/plugins/fr.ac6.mcu.externaltools.arm-none.macos64_1.17.0.201812190825/tools/compiler/bin/../lib/gcc/arm-none-eabi/7.3.1/thumb/v6-m/libgcc.a(mulsf3.o)
 .rodata        0x00000000080336b8       0x40 /Users/matteomiglio/Applications/Applications/Ac6/SystemWorkbench.app/Contents/Eclipse/plugins/fr.ac6.mcu.externaltools.arm-none.macos64_1.17.0.201812190825/tools/compiler/bin/../lib/gcc/arm-none-eabi/7.3.1/thumb/v6-m/libgcc.a(divdf3.o)
 .rodata        0x00000000080336f8       0x40 /Users/matteomiglio/Applications/Applications/Ac6/SystemWorkbench.app/Contents/Eclipse/plugins/fr.ac6.mcu.externaltools.arm-none.macos64_1.17.0.201812190825/tools/compiler/bin/../lib/gcc/arm-none-eabi/7.3.1/thumb/v6-m/libgcc.a(muldf3.o)
 *(.rodata*)
 .rodata.npio2_hw
                0x0000000008033738       0x80 /Users/matteomiglio/Applications/Applications/Ac6/SystemWorkbench.app/Contents/Eclipse/plugins/fr.ac6.mcu.externaltools.arm-none.macos64_1.17.0.201812190825/tools/compiler/bin/../lib/gcc/arm-none-eabi/7.3.1/../../../../arm-none-eabi/lib/thumb/v6-m/libm.a(lib_a-e_rem_pio2.o)
 .rodata.two_over_pi
                0x00000000080337b8      0x108 /Users/matteomiglio/Applications/Applications/Ac6/SystemWorkbench.app/Contents/Eclipse/plugins/fr.ac6.mcu.externaltools.arm-none.macos64_1.17.0.201812190825/tools/compiler/bin/../lib/gcc/arm-none-eabi/7.3.1/../../../../arm-none-eabi/lib/thumb/v6-m/libm.a(lib_a-e_rem_pio2.o)
 .rodata.PIo2   0x00000000080338c0       0x40 /Users/matteomiglio/Applications/Applications/Ac6/SystemWorkbench.app/Contents/Eclipse/plugins/fr.ac6.mcu.externaltools.arm-none.macos64_1.17.0.201812190825/tools/compiler/bin/../lib/gcc/arm-none-eabi/7.3.1/../../../../arm-none-eabi/lib/thumb/v6-m/libm.a(lib_a-k_rem_pio2.o)
 .rodata.init_jk
                0x0000000008033900       0x10 /Users/matteomiglio/Applications/Applications/Ac6/SystemWorkbench.app/Contents/Eclipse/plugins/fr.ac6.mcu.externaltools.arm-none.macos64_1.17.0.201812190825/tools/compiler/bin/../lib/gcc/arm-none-eabi/7.3.1/../../../../arm-none-eabi/lib/thumb/v6-m/libm.a(lib_a-k_rem_pio2.o)
 .rodata._global_impure_ptr
                0x0000000008033910        0x4 /Users/matteomiglio/Applications/Applications/Ac6/SystemWorkbench.app/Contents/Eclipse/plugins/fr.ac6.mcu.externaltools.arm-none.macos64_1.17.0.201812190825/tools/compiler/bin/../lib/gcc/arm-none-eabi/7.3.1/../../../../arm-none-eabi/lib/thumb/v6-m/libc.a(lib_a-impure.o)
                0x0000000008033910                _global_impure_ptr
 .rodata._puts_r.str1.4
                0x0000000008033914        0x2 /Users/matteomiglio/Applications/Applications/Ac6/SystemWorkbench.app/Contents/Eclipse/plugins/fr.ac6.mcu.externaltools.arm-none.macos64_1.17.0.201812190825/tools/compiler/bin/../lib/gcc/arm-none-eabi/7.3.1/../../../../arm-none-eabi/lib/thumb/v6-m/libc.a(lib_a-puts.o)
 *fill*         0x0000000008033916        0x2 
 .rodata._svfprintf_r
                0x0000000008033918      0x16c /Users/matteomiglio/Applications/Applications/Ac6/SystemWorkbench.app/Contents/Eclipse/plugins/fr.ac6.mcu.externaltools.arm-none.macos64_1.17.0.201812190825/tools/compiler/bin/../lib/gcc/arm-none-eabi/7.3.1/../../../../arm-none-eabi/lib/thumb/v6-m/libc.a(lib_a-svfprintf.o)
 .rodata._svfprintf_r.str1.4
                0x0000000008033a84       0x42 /Users/matteomiglio/Applications/Applications/Ac6/SystemWorkbench.app/Contents/Eclipse/plugins/fr.ac6.mcu.externaltools.arm-none.macos64_1.17.0.201812190825/tools/compiler/bin/../lib/gcc/arm-none-eabi/7.3.1/../../../../arm-none-eabi/lib/thumb/v6-m/libc.a(lib_a-svfprintf.o)
 *fill*         0x0000000008033ac6        0x2 
 .rodata.blanks.7315
                0x0000000008033ac8       0x10 /Users/matteomiglio/Applications/Applications/Ac6/SystemWorkbench.app/Contents/Eclipse/plugins/fr.ac6.mcu.externaltools.arm-none.macos64_1.17.0.201812190825/tools/compiler/bin/../lib/gcc/arm-none-eabi/7.3.1/../../../../arm-none-eabi/lib/thumb/v6-m/libc.a(lib_a-svfprintf.o)
 .rodata.zeroes.7316
                0x0000000008033ad8       0x10 /Users/matteomiglio/Applications/Applications/Ac6/SystemWorkbench.app/Contents/Eclipse/plugins/fr.ac6.mcu.externaltools.arm-none.macos64_1.17.0.201812190825/tools/compiler/bin/../lib/gcc/arm-none-eabi/7.3.1/../../../../arm-none-eabi/lib/thumb/v6-m/libc.a(lib_a-svfprintf.o)
 .rodata._vfprintf_r
                0x0000000008033ae8      0x16c /Users/matteomiglio/Applications/Applications/Ac6/SystemWorkbench.app/Contents/Eclipse/plugins/fr.ac6.mcu.externaltools.arm-none.macos64_1.17.0.201812190825/tools/compiler/bin/../lib/gcc/arm-none-eabi/7.3.1/../../../../arm-none-eabi/lib/thumb/v6-m/libc.a(lib_a-vfprintf.o)
 .rodata._vfprintf_r.str1.4
                0x0000000008033c54       0x42 /Users/matteomiglio/Applications/Applications/Ac6/SystemWorkbench.app/Contents/Eclipse/plugins/fr.ac6.mcu.externaltools.arm-none.macos64_1.17.0.201812190825/tools/compiler/bin/../lib/gcc/arm-none-eabi/7.3.1/../../../../arm-none-eabi/lib/thumb/v6-m/libc.a(lib_a-vfprintf.o)
 .rodata.blanks.7330
                0x0000000008033c54       0x10 /Users/matteomiglio/Applications/Applications/Ac6/SystemWorkbench.app/Contents/Eclipse/plugins/fr.ac6.mcu.externaltools.arm-none.macos64_1.17.0.201812190825/tools/compiler/bin/../lib/gcc/arm-none-eabi/7.3.1/../../../../arm-none-eabi/lib/thumb/v6-m/libc.a(lib_a-vfprintf.o)
 .rodata.zeroes.7331
                0x0000000008033c64       0x10 /Users/matteomiglio/Applications/Applications/Ac6/SystemWorkbench.app/Contents/Eclipse/plugins/fr.ac6.mcu.externaltools.arm-none.macos64_1.17.0.201812190825/tools/compiler/bin/../lib/gcc/arm-none-eabi/7.3.1/../../../../arm-none-eabi/lib/thumb/v6-m/libc.a(lib_a-vfprintf.o)
 .rodata._dtoa_r.str1.4
                0x0000000008033c74       0x10 /Users/matteomiglio/Applications/Applications/Ac6/SystemWorkbench.app/Contents/Eclipse/plugins/fr.ac6.mcu.externaltools.arm-none.macos64_1.17.0.201812190825/tools/compiler/bin/../lib/gcc/arm-none-eabi/7.3.1/../../../../arm-none-eabi/lib/thumb/v6-m/libc.a(lib_a-dtoa.o)
                                         0x12 (size before relaxing)
 *fill*         0x0000000008033c84        0x4 
 .rodata.__mprec_bigtens
                0x0000000008033c88       0x28 /Users/matteomiglio/Applications/Applications/Ac6/SystemWorkbench.app/Contents/Eclipse/plugins/fr.ac6.mcu.externaltools.arm-none.macos64_1.17.0.201812190825/tools/compiler/bin/../lib/gcc/arm-none-eabi/7.3.1/../../../../arm-none-eabi/lib/thumb/v6-m/libc.a(lib_a-mprec.o)
                0x0000000008033c88                __mprec_bigtens
 .rodata.__mprec_tens
                0x0000000008033cb0       0xc8 /Users/matteomiglio/Applications/Applications/Ac6/SystemWorkbench.app/Contents/Eclipse/plugins/fr.ac6.mcu.externaltools.arm-none.macos64_1.17.0.201812190825/tools/compiler/bin/../lib/gcc/arm-none-eabi/7.3.1/../../../../arm-none-eabi/lib/thumb/v6-m/libc.a(lib_a-mprec.o)
                0x0000000008033cb0                __mprec_tens
 .rodata.p05.6092
                0x0000000008033d78        0xc /Users/matteomiglio/Applications/Applications/Ac6/SystemWorkbench.app/Contents/Eclipse/plugins/fr.ac6.mcu.externaltools.arm-none.macos64_1.17.0.201812190825/tools/compiler/bin/../lib/gcc/arm-none-eabi/7.3.1/../../../../arm-none-eabi/lib/thumb/v6-m/libc.a(lib_a-mprec.o)
 .rodata._setlocale_r.str1.4
                0x0000000008033d84        0xa /Users/matteomiglio/Applications/Applications/Ac6/SystemWorkbench.app/Contents/Eclipse/plugins/fr.ac6.mcu.externaltools.arm-none.macos64_1.17.0.201812190825/tools/compiler/bin/../lib/gcc/arm-none-eabi/7.3.1/../../../../arm-none-eabi/lib/thumb/v6-m/libc.a(lib_a-locale.o)
                                          0xd (size before relaxing)
 *fill*         0x0000000008033d8e        0x2 
 .rodata.str1.4
                0x0000000008033d90        0x4 /Users/matteomiglio/Applications/Applications/Ac6/SystemWorkbench.app/Contents/Eclipse/plugins/fr.ac6.mcu.externaltools.arm-none.macos64_1.17.0.201812190825/tools/compiler/bin/../lib/gcc/arm-none-eabi/7.3.1/../../../../arm-none-eabi/lib/thumb/v6-m/libc.a(lib_a-locale.o)
                                          0x2 (size before relaxing)
 .rodata._ctype_
                0x0000000008033d94      0x101 /Users/matteomiglio/Applications/Applications/Ac6/SystemWorkbench.app/Contents/Eclipse/plugins/fr.ac6.mcu.externaltools.arm-none.macos64_1.17.0.201812190825/tools/compiler/bin/../lib/gcc/arm-none-eabi/7.3.1/../../../../arm-none-eabi/lib/thumb/v6-m/libc.a(lib_a-ctype_.o)
                0x0000000008033d94                _ctype_
                0x0000000008033e98                . = ALIGN (0x4)
 *fill*         0x0000000008033e95        0x3 

.ARM.extab      0x0000000008033e98        0x0
                0x0000000008033e98                . = ALIGN (0x4)
 *(.ARM.extab* .gnu.linkonce.armextab.*)
                0x0000000008033e98                . = ALIGN (0x4)

.ARM            0x0000000008033e98        0x8
                0x0000000008033e98                . = ALIGN (0x4)
                0x0000000008033e98                __exidx_start = .
 *(.ARM.exidx*)
 .ARM.exidx     0x0000000008033e98        0x8 /Users/matteomiglio/Applications/Applications/Ac6/SystemWorkbench.app/Contents/Eclipse/plugins/fr.ac6.mcu.externaltools.arm-none.macos64_1.17.0.201812190825/tools/compiler/bin/../lib/gcc/arm-none-eabi/7.3.1/thumb/v6-m/libgcc.a(_udivmoddi4.o)
                0x0000000008033ea0                __exidx_end = .
                0x0000000008033ea0                . = ALIGN (0x4)

.rel.dyn        0x0000000008033ea0        0x0
 .rel.iplt      0x0000000008033ea0        0x0 /Users/matteomiglio/Applications/Applications/Ac6/SystemWorkbench.app/Contents/Eclipse/plugins/fr.ac6.mcu.externaltools.arm-none.macos64_1.17.0.201812190825/tools/compiler/bin/../lib/gcc/arm-none-eabi/7.3.1/thumb/v6-m/crtbegin.o

.preinit_array  0x0000000008033ea0        0x0
                0x0000000008033ea0                . = ALIGN (0x4)
                0x0000000008033ea0                PROVIDE (__preinit_array_start = .)
 *(.preinit_array*)
                0x0000000008033ea0                PROVIDE (__preinit_array_end = .)
                0x0000000008033ea0                . = ALIGN (0x4)

.init_array     0x0000000008033ea0        0x8
                0x0000000008033ea0                . = ALIGN (0x4)
                0x0000000008033ea0                PROVIDE (__init_array_start = .)
 *(SORT_BY_NAME(.init_array.*))
 .init_array.00000
                0x0000000008033ea0        0x4 /Users/matteomiglio/Applications/Applications/Ac6/SystemWorkbench.app/Contents/Eclipse/plugins/fr.ac6.mcu.externaltools.arm-none.macos64_1.17.0.201812190825/tools/compiler/bin/../lib/gcc/arm-none-eabi/7.3.1/../../../../arm-none-eabi/lib/thumb/v6-m/libc.a(lib_a-__call_atexit.o)
 *(.init_array*)
 .init_array    0x0000000008033ea4        0x4 /Users/matteomiglio/Applications/Applications/Ac6/SystemWorkbench.app/Contents/Eclipse/plugins/fr.ac6.mcu.externaltools.arm-none.macos64_1.17.0.201812190825/tools/compiler/bin/../lib/gcc/arm-none-eabi/7.3.1/thumb/v6-m/crtbegin.o
                0x0000000008033ea8                PROVIDE (__init_array_end = .)
                0x0000000008033ea8                . = ALIGN (0x4)

.fini_array     0x0000000008033ea8        0x4
                0x0000000008033ea8                . = ALIGN (0x4)
                0x0000000008033ea8                PROVIDE (__fini_array_start = .)
 *(SORT_BY_NAME(.fini_array.*))
 *(.fini_array*)
 .fini_array    0x0000000008033ea8        0x4 /Users/matteomiglio/Applications/Applications/Ac6/SystemWorkbench.app/Contents/Eclipse/plugins/fr.ac6.mcu.externaltools.arm-none.macos64_1.17.0.201812190825/tools/compiler/bin/../lib/gcc/arm-none-eabi/7.3.1/thumb/v6-m/crtbegin.o
                0x0000000008033eac                PROVIDE (__fini_array_end = .)
                0x0000000008033eac                . = ALIGN (0x4)
                0x0000000008033eac                _sidata = LOADADDR (.data)

.data           0x0000000020000000     0x10e8 load address 0x0000000008033eac
                0x0000000020000000                . = ALIGN (0x4)
                0x0000000020000000                _sdata = .
 *(.data)
 .data          0x0000000020000000      0x6ac src/bounce.o
                0x0000000020000000                difficulty
                0x0000000020000004                object
 .data          0x00000000200006ac       0x88 src/music.o
                0x00000000200006ac                volume
                0x00000000200006b0                songNum
                0x00000000200006b4                song
                0x00000000200006f4                song1
 .data          0x0000000020000734        0x8 src/tty.o
                0x0000000020000734                echo_mode
                0x0000000020000738                line_mode
 *(.data*)
 .data._impure_ptr
                0x000000002000073c        0x4 /Users/matteomiglio/Applications/Applications/Ac6/SystemWorkbench.app/Contents/Eclipse/plugins/fr.ac6.mcu.externaltools.arm-none.macos64_1.17.0.201812190825/tools/compiler/bin/../lib/gcc/arm-none-eabi/7.3.1/../../../../arm-none-eabi/lib/thumb/v6-m/libc.a(lib_a-impure.o)
                0x000000002000073c                _impure_ptr
 .data.impure_data
                0x0000000020000740      0x428 /Users/matteomiglio/Applications/Applications/Ac6/SystemWorkbench.app/Contents/Eclipse/plugins/fr.ac6.mcu.externaltools.arm-none.macos64_1.17.0.201812190825/tools/compiler/bin/../lib/gcc/arm-none-eabi/7.3.1/../../../../arm-none-eabi/lib/thumb/v6-m/libc.a(lib_a-impure.o)
 .data.__malloc_av_
                0x0000000020000b68      0x408 /Users/matteomiglio/Applications/Applications/Ac6/SystemWorkbench.app/Contents/Eclipse/plugins/fr.ac6.mcu.externaltools.arm-none.macos64_1.17.0.201812190825/tools/compiler/bin/../lib/gcc/arm-none-eabi/7.3.1/../../../../arm-none-eabi/lib/thumb/v6-m/libc.a(lib_a-mallocr.o)
                0x0000000020000b68                __malloc_av_
 .data.__malloc_sbrk_base
                0x0000000020000f70        0x4 /Users/matteomiglio/Applications/Applications/Ac6/SystemWorkbench.app/Contents/Eclipse/plugins/fr.ac6.mcu.externaltools.arm-none.macos64_1.17.0.201812190825/tools/compiler/bin/../lib/gcc/arm-none-eabi/7.3.1/../../../../arm-none-eabi/lib/thumb/v6-m/libc.a(lib_a-mallocr.o)
                0x0000000020000f70                __malloc_sbrk_base
 .data.__malloc_trim_threshold
                0x0000000020000f74        0x4 /Users/matteomiglio/Applications/Applications/Ac6/SystemWorkbench.app/Contents/Eclipse/plugins/fr.ac6.mcu.externaltools.arm-none.macos64_1.17.0.201812190825/tools/compiler/bin/../lib/gcc/arm-none-eabi/7.3.1/../../../../arm-none-eabi/lib/thumb/v6-m/libc.a(lib_a-mallocr.o)
                0x0000000020000f74                __malloc_trim_threshold
 .data.__atexit_recursive_mutex
                0x0000000020000f78        0x4 /Users/matteomiglio/Applications/Applications/Ac6/SystemWorkbench.app/Contents/Eclipse/plugins/fr.ac6.mcu.externaltools.arm-none.macos64_1.17.0.201812190825/tools/compiler/bin/../lib/gcc/arm-none-eabi/7.3.1/../../../../arm-none-eabi/lib/thumb/v6-m/libc.a(lib_a-__call_atexit.o)
                0x0000000020000f78                __atexit_recursive_mutex
 .data.__global_locale
                0x0000000020000f7c      0x16c /Users/matteomiglio/Applications/Applications/Ac6/SystemWorkbench.app/Contents/Eclipse/plugins/fr.ac6.mcu.externaltools.arm-none.macos64_1.17.0.201812190825/tools/compiler/bin/../lib/gcc/arm-none-eabi/7.3.1/../../../../arm-none-eabi/lib/thumb/v6-m/libc.a(lib_a-locale.o)
                0x0000000020000f7c                __global_locale
                0x00000000200010e8                . = ALIGN (0x4)
                0x00000000200010e8                _edata = .

.igot.plt       0x00000000200010e8        0x0 load address 0x0000000008034f94
 .igot.plt      0x00000000200010e8        0x0 /Users/matteomiglio/Applications/Applications/Ac6/SystemWorkbench.app/Contents/Eclipse/plugins/fr.ac6.mcu.externaltools.arm-none.macos64_1.17.0.201812190825/tools/compiler/bin/../lib/gcc/arm-none-eabi/7.3.1/thumb/v6-m/crtbegin.o
                0x00000000200010e8                . = ALIGN (0x4)

.bss            0x00000000200010e8      0x93c load address 0x0000000008034f94
                0x00000000200010e8                _sbss = .
                0x00000000200010e8                __bss_start__ = _sbss
 *(.bss)
 .bss           0x00000000200010e8       0x1c /Users/matteomiglio/Applications/Applications/Ac6/SystemWorkbench.app/Contents/Eclipse/plugins/fr.ac6.mcu.externaltools.arm-none.macos64_1.17.0.201812190825/tools/compiler/bin/../lib/gcc/arm-none-eabi/7.3.1/thumb/v6-m/crtbegin.o
 .bss           0x0000000020001104       0x14 src/bounce.o
                0x0000000020001104                score
                0x0000000020001108                highScore
                0x000000002000110c                restartVal
                0x0000000020001110                globalKey
                0x0000000020001114                offset7
 .bss           0x0000000020001118       0x14 src/music.o
                0x0000000020001118                stepa
                0x000000002000111c                offseta
                0x0000000020001120                offset
                0x0000000020001124                sevenSegOff
                0x0000000020001128                scoreOffset
 .bss           0x000000002000112c        0x8 src/syscalls.o
                0x000000002000112c                __env
 *(.bss*)
 .bss.__malloc_current_mallinfo
                0x0000000020001134       0x28 /Users/matteomiglio/Applications/Applications/Ac6/SystemWorkbench.app/Contents/Eclipse/plugins/fr.ac6.mcu.externaltools.arm-none.macos64_1.17.0.201812190825/tools/compiler/bin/../lib/gcc/arm-none-eabi/7.3.1/../../../../arm-none-eabi/lib/thumb/v6-m/libc.a(lib_a-mallocr.o)
                0x0000000020001134                __malloc_current_mallinfo
 .bss.__malloc_max_sbrked_mem
                0x000000002000115c        0x4 /Users/matteomiglio/Applications/Applications/Ac6/SystemWorkbench.app/Contents/Eclipse/plugins/fr.ac6.mcu.externaltools.arm-none.macos64_1.17.0.201812190825/tools/compiler/bin/../lib/gcc/arm-none-eabi/7.3.1/../../../../arm-none-eabi/lib/thumb/v6-m/libc.a(lib_a-mallocr.o)
                0x000000002000115c                __malloc_max_sbrked_mem
 .bss.__malloc_max_total_mem
                0x0000000020001160        0x4 /Users/matteomiglio/Applications/Applications/Ac6/SystemWorkbench.app/Contents/Eclipse/plugins/fr.ac6.mcu.externaltools.arm-none.macos64_1.17.0.201812190825/tools/compiler/bin/../lib/gcc/arm-none-eabi/7.3.1/../../../../arm-none-eabi/lib/thumb/v6-m/libc.a(lib_a-mallocr.o)
                0x0000000020001160                __malloc_max_total_mem
 .bss.__malloc_top_pad
                0x0000000020001164        0x4 /Users/matteomiglio/Applications/Applications/Ac6/SystemWorkbench.app/Contents/Eclipse/plugins/fr.ac6.mcu.externaltools.arm-none.macos64_1.17.0.201812190825/tools/compiler/bin/../lib/gcc/arm-none-eabi/7.3.1/../../../../arm-none-eabi/lib/thumb/v6-m/libc.a(lib_a-mallocr.o)
                0x0000000020001164                __malloc_top_pad
 *(COMMON)
 COMMON         0x0000000020001168       0x28 src/bounce.o
                0x0000000020001168                xmin
                0x000000002000116c                x
                0x0000000020001170                newpx
                0x0000000020001174                xmax
                0x0000000020001178                vx
                0x000000002000117c                vy
                0x0000000020001180                y
                0x0000000020001184                px
                0x0000000020001188                ymin
                0x000000002000118c                ymax
 COMMON         0x0000000020001190        0xe src/lcd.o
                0x0000000020001190                lcddev
 *fill*         0x000000002000119e        0x2 
 COMMON         0x00000000200011a0      0x7d8 src/music.o
                0x00000000200011a0                wavetable
                0x0000000020001970                display
 COMMON         0x0000000020001978       0x83 src/tty.o
                0x0000000020001978                input_fifo
 *fill*         0x00000000200019fb        0x1 
 COMMON         0x00000000200019fc       0x21 /Users/matteomiglio/Applications/Applications/Ac6/SystemWorkbench.app/Contents/Eclipse/plugins/fr.ac6.mcu.externaltools.arm-none.macos64_1.17.0.201812190825/tools/compiler/bin/../lib/gcc/arm-none-eabi/7.3.1/../../../../arm-none-eabi/lib/thumb/v6-m/libc.a(lib_a-lock.o)
                0x00000000200019fc                __lock___atexit_recursive_mutex
                0x0000000020001a00                __lock___arc4random_mutex
                0x0000000020001a04                __lock___env_recursive_mutex
                0x0000000020001a08                __lock___sinit_recursive_mutex
                0x0000000020001a0c                __lock___malloc_recursive_mutex
                0x0000000020001a10                __lock___at_quick_exit_mutex
                0x0000000020001a14                __lock___dd_hash_mutex
                0x0000000020001a18                __lock___tz_mutex
                0x0000000020001a1c                __lock___sfp_recursive_mutex
 *fill*         0x0000000020001a1d        0x3 
 COMMON         0x0000000020001a20        0x4 /Users/matteomiglio/Applications/Applications/Ac6/SystemWorkbench.app/Contents/Eclipse/plugins/fr.ac6.mcu.externaltools.arm-none.macos64_1.17.0.201812190825/tools/compiler/bin/../lib/gcc/arm-none-eabi/7.3.1/../../../../arm-none-eabi/lib/thumb/v6-m/libc.a(lib_a-reent.o)
                0x0000000020001a20                errno
                0x0000000020001a24                . = ALIGN (0x4)
                0x0000000020001a24                _ebss = .
                0x0000000020001a24                __bss_end__ = _ebss

._user_heap_stack
                0x0000000020001a24      0x404 load address 0x0000000008034f94
                0x0000000020001a28                . = ALIGN (0x8)
 *fill*         0x0000000020001a24        0x4 
                0x0000000020001a28                PROVIDE (end = .)
                [!provide]                        PROVIDE (_end = .)
                0x0000000020001a28                . = (. + _Min_Heap_Size)
                0x0000000020001e28                . = (. + _Min_Stack_Size)
 *fill*         0x0000000020001a28      0x400 
                0x0000000020001e28                . = ALIGN (0x8)

/DISCARD/
 libc.a(*)
 libm.a(*)
 libgcc.a(*)

.ARM.attributes
                0x0000000000000000       0x28
 *(.ARM.attributes)
 .ARM.attributes
                0x0000000000000000       0x1e /Users/matteomiglio/Applications/Applications/Ac6/SystemWorkbench.app/Contents/Eclipse/plugins/fr.ac6.mcu.externaltools.arm-none.macos64_1.17.0.201812190825/tools/compiler/bin/../lib/gcc/arm-none-eabi/7.3.1/thumb/v6-m/crti.o
 .ARM.attributes
                0x000000000000001e       0x2c /Users/matteomiglio/Applications/Applications/Ac6/SystemWorkbench.app/Contents/Eclipse/plugins/fr.ac6.mcu.externaltools.arm-none.macos64_1.17.0.201812190825/tools/compiler/bin/../lib/gcc/arm-none-eabi/7.3.1/thumb/v6-m/crtbegin.o
 .ARM.attributes
                0x000000000000004a       0x31 src/OLED.o
 .ARM.attributes
                0x000000000000007b       0x31 src/background.o
 .ARM.attributes
                0x00000000000000ac       0x31 src/ball.o
 .ARM.attributes
                0x00000000000000dd       0x31 src/bounce.o
 .ARM.attributes
                0x000000000000010e       0x31 src/fifo.o
 .ARM.attributes
                0x000000000000013f       0x31 src/lcd.o
 .ARM.attributes
                0x0000000000000170       0x31 src/music.o
 .ARM.attributes
                0x00000000000001a1       0x31 src/paddle.o
 .ARM.attributes
                0x00000000000001d2       0x31 src/syscalls.o
 .ARM.attributes
                0x0000000000000203       0x31 src/system_stm32f0xx.o
 .ARM.attributes
                0x0000000000000234       0x31 src/tty.o
 .ARM.attributes
                0x0000000000000265       0x21 startup/startup_stm32.o
 .ARM.attributes
                0x0000000000000286       0x2c /Users/matteomiglio/Applications/Applications/Ac6/SystemWorkbench.app/Contents/Eclipse/plugins/fr.ac6.mcu.externaltools.arm-none.macos64_1.17.0.201812190825/tools/compiler/bin/../lib/gcc/arm-none-eabi/7.3.1/../../../../arm-none-eabi/lib/thumb/v6-m/libm.a(lib_a-s_sin.o)
 .ARM.attributes
                0x00000000000002b2       0x2c /Users/matteomiglio/Applications/Applications/Ac6/SystemWorkbench.app/Contents/Eclipse/plugins/fr.ac6.mcu.externaltools.arm-none.macos64_1.17.0.201812190825/tools/compiler/bin/../lib/gcc/arm-none-eabi/7.3.1/../../../../arm-none-eabi/lib/thumb/v6-m/libm.a(lib_a-e_rem_pio2.o)
 .ARM.attributes
                0x00000000000002de       0x2c /Users/matteomiglio/Applications/Applications/Ac6/SystemWorkbench.app/Contents/Eclipse/plugins/fr.ac6.mcu.externaltools.arm-none.macos64_1.17.0.201812190825/tools/compiler/bin/../lib/gcc/arm-none-eabi/7.3.1/../../../../arm-none-eabi/lib/thumb/v6-m/libm.a(lib_a-k_cos.o)
 .ARM.attributes
                0x000000000000030a       0x2c /Users/matteomiglio/Applications/Applications/Ac6/SystemWorkbench.app/Contents/Eclipse/plugins/fr.ac6.mcu.externaltools.arm-none.macos64_1.17.0.201812190825/tools/compiler/bin/../lib/gcc/arm-none-eabi/7.3.1/../../../../arm-none-eabi/lib/thumb/v6-m/libm.a(lib_a-k_rem_pio2.o)
 .ARM.attributes
                0x0000000000000336       0x2c /Users/matteomiglio/Applications/Applications/Ac6/SystemWorkbench.app/Contents/Eclipse/plugins/fr.ac6.mcu.externaltools.arm-none.macos64_1.17.0.201812190825/tools/compiler/bin/../lib/gcc/arm-none-eabi/7.3.1/../../../../arm-none-eabi/lib/thumb/v6-m/libm.a(lib_a-k_sin.o)